HD44780.c:49:15:WriteByte_i2c	24	static
HD44780.c:119:15:InitLCD_i2c	16	static
HD44780.c:169:15:WriteChar_i2c	16	static
HD44780.c:175:15:PutCommand_i2c	16	static
HD44780.c:181:15:GoToLine_i2c	24	static
HD44780.c:207:6:WriteString_i2c	24	static
HD44780.c:222:6:WriteNumber_i2c	56	dynamic
HD44780.c:257:6:lcd_pin	24	static
HD44780.c:278:6:lcd_init	8	static
HD44780.c:298:6:clear_line	48	static
HD44780.c:308:6:toggle	8	static
HD44780.c:315:6:send_high	16	static
HD44780.c:341:6:send_low	16	static
HD44780.c:367:6:lcd_cmd_hf	16	static
HD44780.c:376:6:lcd_cmd	16	static
HD44780.c:389:6:lcd_dwr	16	static
HD44780.c:404:6:lcd_msg	16	static
HD44780.c:410:6:lcd_int_msg	56	dynamic
HD44780.c:443:6:lcd_rig_sh	8	static
HD44780.c:449:6:lcd_lef_sh	8	static
HD44780.c:455:6:GoToLine	24	static
