Archive member included to satisfy reference by file (symbol)

C:\Users\simon\Documents\MCUXpressoIDE_11.0.1_2563\workspace\lpc_board_nxp_lpcxpresso_1769\Debug\liblpc_board_nxp_lpcxpresso_1769.a(board_sysinit.o)
                              ./src/sysinit.o (Board_SetupClocking)
C:\Users\simon\Documents\MCUXpressoIDE_11.0.1_2563\workspace\lpc_chip_175x_6x\Debug\liblpc_chip_175x_6x.a(iocon_17xx_40xx.o)
                              C:\Users\simon\Documents\MCUXpressoIDE_11.0.1_2563\workspace\lpc_board_nxp_lpcxpresso_1769\Debug\liblpc_board_nxp_lpcxpresso_1769.a(board_sysinit.o) (Chip_IOCON_SetPinMuxing)
C:\Users\simon\Documents\MCUXpressoIDE_11.0.1_2563\workspace\lpc_chip_175x_6x\Debug\liblpc_chip_175x_6x.a(sysinit_17xx_40xx.o)
                              C:\Users\simon\Documents\MCUXpressoIDE_11.0.1_2563\workspace\lpc_board_nxp_lpcxpresso_1769\Debug\liblpc_board_nxp_lpcxpresso_1769.a(board_sysinit.o) (Chip_SetupXtalClocking)
C:\Users\simon\Documents\MCUXpressoIDE_11.0.1_2563\workspace\lpc_chip_175x_6x\Debug\liblpc_chip_175x_6x.a(clock_17xx_40xx.o)
                              C:\Users\simon\Documents\MCUXpressoIDE_11.0.1_2563\workspace\lpc_chip_175x_6x\Debug\liblpc_chip_175x_6x.a(sysinit_17xx_40xx.o) (Chip_Clock_EnablePLL)
c:/nxp/mcuxpressoide_11.0.1_2563/ide/plugins/com.nxp.mcuxpresso.tools.win32_11.0.1.201907311258/tools/bin/../lib/gcc/arm-none-eabi/8.2.1/../../../../arm-none-eabi/lib/thumb/v7-m/nofp\libcr_c.a(__weak__main.o)
                              ./src/cr_startup_lpc175x_6x.o (__main)

Allocating common symbols
Common symbol       size              file

lcd_3B              0x1               ./src/lpc1769.o
lcd_2B              0x1               ./src/lpc1769.o
lcd_4G              0x1               ./src/lpc1769.o
lcd_1BC             0x1               ./src/lpc1769.o
lcd_TX              0x1               ./src/lpc1769.o
lcd_DP3             0x1               ./src/lpc1769.o
lcd_4D              0x1               ./src/lpc1769.o
lcd_3G              0x1               ./src/lpc1769.o
lcd_2G              0x1               ./src/lpc1769.o
lcd_3E              0x1               ./src/lpc1769.o
lcd_4A              0x1               ./src/lpc1769.o
lcd_3A              0x1               ./src/lpc1769.o
lcd_3D              0x1               ./src/lpc1769.o
lcd_DP1             0x1               ./src/lpc1769.o
lcd_LOBAT           0x1               ./src/lpc1769.o
lcd_2D              0x1               ./src/lpc1769.o
lcd_4C              0x1               ./src/lpc1769.o
lcd_2C              0x1               ./src/lpc1769.o
lcd_3F              0x1               ./src/lpc1769.o
lcd_2F              0x1               ./src/lpc1769.o
lcd_4F              0x1               ./src/lpc1769.o
lcd_2A              0x1               ./src/lpc1769.o
lcd_3C              0x1               ./src/lpc1769.o
lcd_TY              0x1               ./src/lpc1769.o
lcd_4E              0x1               ./src/lpc1769.o
lcd_COL             0x1               ./src/lpc1769.o
lcd_DP2             0x1               ./src/lpc1769.o
lcd_2E              0x1               ./src/lpc1769.o
lcd_4B              0x1               ./src/lpc1769.o

Discarded input sections

 .group         0x00000000        0xc ./src/cr_startup_lpc175x_6x.o
 .text          0x00000000        0x0 ./src/cr_startup_lpc175x_6x.o
 .data          0x00000000        0x0 ./src/cr_startup_lpc175x_6x.o
 .bss           0x00000000        0x0 ./src/cr_startup_lpc175x_6x.o
 .group         0x00000000        0xc ./src/lcd.o
 .group         0x00000000        0xc ./src/lcd.o
 .text          0x00000000        0x0 ./src/lcd.o
 .data          0x00000000        0x0 ./src/lcd.o
 .bss           0x00000000        0x0 ./src/lcd.o
 .text.setDP1   0x00000000       0x2c ./src/lcd.o
 .text.setDP2   0x00000000       0x2c ./src/lcd.o
 .text.setDP3   0x00000000       0x2c ./src/lcd.o
 .text.setCOL   0x00000000       0x2c ./src/lcd.o
 .text.setSign  0x00000000       0x50 ./src/lcd.o
 .text.setLoBat
                0x00000000       0x2c ./src/lcd.o
 .debug_macro   0x00000000      0xaa2 ./src/lcd.o
 .group         0x00000000        0xc ./src/lpc1769.o
 .group         0x00000000        0xc ./src/lpc1769.o
 .text          0x00000000        0x0 ./src/lpc1769.o
 .data          0x00000000        0x0 ./src/lpc1769.o
 .bss           0x00000000        0x0 ./src/lpc1769.o
 .debug_macro   0x00000000      0xaa2 ./src/lpc1769.o
 .debug_macro   0x00000000       0xca ./src/lpc1769.o
 .group         0x00000000        0xc ./src/sysinit.o
 .group         0x00000000        0xc ./src/sysinit.o
 .group         0x00000000        0xc ./src/sysinit.o
 .group         0x00000000        0xc ./src/sysinit.o
 .group         0x00000000        0xc ./src/sysinit.o
 .group         0x00000000        0xc ./src/sysinit.o
 .group         0x00000000        0xc ./src/sysinit.o
 .group         0x00000000        0xc ./src/sysinit.o
 .group         0x00000000        0xc ./src/sysinit.o
 .group         0x00000000        0xc ./src/sysinit.o
 .group         0x00000000        0xc ./src/sysinit.o
 .group         0x00000000        0xc ./src/sysinit.o
 .group         0x00000000        0xc ./src/sysinit.o
 .group         0x00000000        0xc ./src/sysinit.o
 .group         0x00000000        0xc ./src/sysinit.o
 .group         0x00000000        0xc ./src/sysinit.o
 .group         0x00000000        0xc ./src/sysinit.o
 .group         0x00000000        0xc ./src/sysinit.o
 .group         0x00000000        0xc ./src/sysinit.o
 .group         0x00000000        0xc ./src/sysinit.o
 .group         0x00000000        0xc ./src/sysinit.o
 .group         0x00000000        0xc ./src/sysinit.o
 .group         0x00000000        0xc ./src/sysinit.o
 .group         0x00000000        0xc ./src/sysinit.o
 .group         0x00000000        0xc ./src/sysinit.o
 .group         0x00000000        0xc ./src/sysinit.o
 .group         0x00000000        0xc ./src/sysinit.o
 .group         0x00000000        0xc ./src/sysinit.o
 .group         0x00000000        0xc ./src/sysinit.o
 .group         0x00000000        0xc ./src/sysinit.o
 .group         0x00000000        0xc ./src/sysinit.o
 .group         0x00000000        0xc ./src/sysinit.o
 .group         0x00000000        0xc ./src/sysinit.o
 .group         0x00000000        0xc ./src/sysinit.o
 .group         0x00000000        0xc ./src/sysinit.o
 .group         0x00000000        0xc ./src/sysinit.o
 .group         0x00000000        0xc ./src/sysinit.o
 .group         0x00000000        0xc ./src/sysinit.o
 .group         0x00000000        0xc ./src/sysinit.o
 .text          0x00000000        0x0 ./src/sysinit.o
 .data          0x00000000        0x0 ./src/sysinit.o
 .bss           0x00000000        0x0 ./src/sysinit.o
 .debug_macro   0x00000000      0xaa2 ./src/sysinit.o
 .group         0x00000000        0xc C:\Users\simon\Documents\MCUXpressoIDE_11.0.1_2563\workspace\lpc_board_nxp_lpcxpresso_1769\Debug\liblpc_board_nxp_lpcxpresso_1769.a(board_sysinit.o)
 .group         0x00000000        0xc C:\Users\simon\Documents\MCUXpressoIDE_11.0.1_2563\workspace\lpc_board_nxp_lpcxpresso_1769\Debug\liblpc_board_nxp_lpcxpresso_1769.a(board_sysinit.o)
 .group         0x00000000        0xc C:\Users\simon\Documents\MCUXpressoIDE_11.0.1_2563\workspace\lpc_board_nxp_lpcxpresso_1769\Debug\liblpc_board_nxp_lpcxpresso_1769.a(board_sysinit.o)
 .group         0x00000000        0xc C:\Users\simon\Documents\MCUXpressoIDE_11.0.1_2563\workspace\lpc_board_nxp_lpcxpresso_1769\Debug\liblpc_board_nxp_lpcxpresso_1769.a(board_sysinit.o)
 .group         0x00000000        0xc C:\Users\simon\Documents\MCUXpressoIDE_11.0.1_2563\workspace\lpc_board_nxp_lpcxpresso_1769\Debug\liblpc_board_nxp_lpcxpresso_1769.a(board_sysinit.o)
 .group         0x00000000        0xc C:\Users\simon\Documents\MCUXpressoIDE_11.0.1_2563\workspace\lpc_board_nxp_lpcxpresso_1769\Debug\liblpc_board_nxp_lpcxpresso_1769.a(board_sysinit.o)
 .group         0x00000000        0xc C:\Users\simon\Documents\MCUXpressoIDE_11.0.1_2563\workspace\lpc_board_nxp_lpcxpresso_1769\Debug\liblpc_board_nxp_lpcxpresso_1769.a(board_sysinit.o)
 .group         0x00000000        0xc C:\Users\simon\Documents\MCUXpressoIDE_11.0.1_2563\workspace\lpc_board_nxp_lpcxpresso_1769\Debug\liblpc_board_nxp_lpcxpresso_1769.a(board_sysinit.o)
 .group         0x00000000        0xc C:\Users\simon\Documents\MCUXpressoIDE_11.0.1_2563\workspace\lpc_board_nxp_lpcxpresso_1769\Debug\liblpc_board_nxp_lpcxpresso_1769.a(board_sysinit.o)
 .group         0x00000000        0xc C:\Users\simon\Documents\MCUXpressoIDE_11.0.1_2563\workspace\lpc_board_nxp_lpcxpresso_1769\Debug\liblpc_board_nxp_lpcxpresso_1769.a(board_sysinit.o)
 .group         0x00000000        0xc C:\Users\simon\Documents\MCUXpressoIDE_11.0.1_2563\workspace\lpc_board_nxp_lpcxpresso_1769\Debug\liblpc_board_nxp_lpcxpresso_1769.a(board_sysinit.o)
 .group         0x00000000        0xc C:\Users\simon\Documents\MCUXpressoIDE_11.0.1_2563\workspace\lpc_board_nxp_lpcxpresso_1769\Debug\liblpc_board_nxp_lpcxpresso_1769.a(board_sysinit.o)
 .group         0x00000000        0xc C:\Users\simon\Documents\MCUXpressoIDE_11.0.1_2563\workspace\lpc_board_nxp_lpcxpresso_1769\Debug\liblpc_board_nxp_lpcxpresso_1769.a(board_sysinit.o)
 .group         0x00000000        0xc C:\Users\simon\Documents\MCUXpressoIDE_11.0.1_2563\workspace\lpc_board_nxp_lpcxpresso_1769\Debug\liblpc_board_nxp_lpcxpresso_1769.a(board_sysinit.o)
 .group         0x00000000        0xc C:\Users\simon\Documents\MCUXpressoIDE_11.0.1_2563\workspace\lpc_board_nxp_lpcxpresso_1769\Debug\liblpc_board_nxp_lpcxpresso_1769.a(board_sysinit.o)
 .group         0x00000000        0xc C:\Users\simon\Documents\MCUXpressoIDE_11.0.1_2563\workspace\lpc_board_nxp_lpcxpresso_1769\Debug\liblpc_board_nxp_lpcxpresso_1769.a(board_sysinit.o)
 .group         0x00000000        0xc C:\Users\simon\Documents\MCUXpressoIDE_11.0.1_2563\workspace\lpc_board_nxp_lpcxpresso_1769\Debug\liblpc_board_nxp_lpcxpresso_1769.a(board_sysinit.o)
 .group         0x00000000        0xc C:\Users\simon\Documents\MCUXpressoIDE_11.0.1_2563\workspace\lpc_board_nxp_lpcxpresso_1769\Debug\liblpc_board_nxp_lpcxpresso_1769.a(board_sysinit.o)
 .group         0x00000000        0xc C:\Users\simon\Documents\MCUXpressoIDE_11.0.1_2563\workspace\lpc_board_nxp_lpcxpresso_1769\Debug\liblpc_board_nxp_lpcxpresso_1769.a(board_sysinit.o)
 .group         0x00000000        0xc C:\Users\simon\Documents\MCUXpressoIDE_11.0.1_2563\workspace\lpc_board_nxp_lpcxpresso_1769\Debug\liblpc_board_nxp_lpcxpresso_1769.a(board_sysinit.o)
 .group         0x00000000        0xc C:\Users\simon\Documents\MCUXpressoIDE_11.0.1_2563\workspace\lpc_board_nxp_lpcxpresso_1769\Debug\liblpc_board_nxp_lpcxpresso_1769.a(board_sysinit.o)
 .group         0x00000000        0xc C:\Users\simon\Documents\MCUXpressoIDE_11.0.1_2563\workspace\lpc_board_nxp_lpcxpresso_1769\Debug\liblpc_board_nxp_lpcxpresso_1769.a(board_sysinit.o)
 .group         0x00000000        0xc C:\Users\simon\Documents\MCUXpressoIDE_11.0.1_2563\workspace\lpc_board_nxp_lpcxpresso_1769\Debug\liblpc_board_nxp_lpcxpresso_1769.a(board_sysinit.o)
 .group         0x00000000        0xc C:\Users\simon\Documents\MCUXpressoIDE_11.0.1_2563\workspace\lpc_board_nxp_lpcxpresso_1769\Debug\liblpc_board_nxp_lpcxpresso_1769.a(board_sysinit.o)
 .group         0x00000000        0xc C:\Users\simon\Documents\MCUXpressoIDE_11.0.1_2563\workspace\lpc_board_nxp_lpcxpresso_1769\Debug\liblpc_board_nxp_lpcxpresso_1769.a(board_sysinit.o)
 .group         0x00000000        0xc C:\Users\simon\Documents\MCUXpressoIDE_11.0.1_2563\workspace\lpc_board_nxp_lpcxpresso_1769\Debug\liblpc_board_nxp_lpcxpresso_1769.a(board_sysinit.o)
 .group         0x00000000        0xc C:\Users\simon\Documents\MCUXpressoIDE_11.0.1_2563\workspace\lpc_board_nxp_lpcxpresso_1769\Debug\liblpc_board_nxp_lpcxpresso_1769.a(board_sysinit.o)
 .group         0x00000000        0xc C:\Users\simon\Documents\MCUXpressoIDE_11.0.1_2563\workspace\lpc_board_nxp_lpcxpresso_1769\Debug\liblpc_board_nxp_lpcxpresso_1769.a(board_sysinit.o)
 .group         0x00000000        0xc C:\Users\simon\Documents\MCUXpressoIDE_11.0.1_2563\workspace\lpc_board_nxp_lpcxpresso_1769\Debug\liblpc_board_nxp_lpcxpresso_1769.a(board_sysinit.o)
 .group         0x00000000        0xc C:\Users\simon\Documents\MCUXpressoIDE_11.0.1_2563\workspace\lpc_board_nxp_lpcxpresso_1769\Debug\liblpc_board_nxp_lpcxpresso_1769.a(board_sysinit.o)
 .group         0x00000000        0xc C:\Users\simon\Documents\MCUXpressoIDE_11.0.1_2563\workspace\lpc_board_nxp_lpcxpresso_1769\Debug\liblpc_board_nxp_lpcxpresso_1769.a(board_sysinit.o)
 .group         0x00000000        0xc C:\Users\simon\Documents\MCUXpressoIDE_11.0.1_2563\workspace\lpc_board_nxp_lpcxpresso_1769\Debug\liblpc_board_nxp_lpcxpresso_1769.a(board_sysinit.o)
 .group         0x00000000        0xc C:\Users\simon\Documents\MCUXpressoIDE_11.0.1_2563\workspace\lpc_board_nxp_lpcxpresso_1769\Debug\liblpc_board_nxp_lpcxpresso_1769.a(board_sysinit.o)
 .group         0x00000000        0xc C:\Users\simon\Documents\MCUXpressoIDE_11.0.1_2563\workspace\lpc_board_nxp_lpcxpresso_1769\Debug\liblpc_board_nxp_lpcxpresso_1769.a(board_sysinit.o)
 .group         0x00000000        0xc C:\Users\simon\Documents\MCUXpressoIDE_11.0.1_2563\workspace\lpc_board_nxp_lpcxpresso_1769\Debug\liblpc_board_nxp_lpcxpresso_1769.a(board_sysinit.o)
 .group         0x00000000        0xc C:\Users\simon\Documents\MCUXpressoIDE_11.0.1_2563\workspace\lpc_board_nxp_lpcxpresso_1769\Debug\liblpc_board_nxp_lpcxpresso_1769.a(board_sysinit.o)
 .group         0x00000000        0xc C:\Users\simon\Documents\MCUXpressoIDE_11.0.1_2563\workspace\lpc_board_nxp_lpcxpresso_1769\Debug\liblpc_board_nxp_lpcxpresso_1769.a(board_sysinit.o)
 .group         0x00000000        0xc C:\Users\simon\Documents\MCUXpressoIDE_11.0.1_2563\workspace\lpc_board_nxp_lpcxpresso_1769\Debug\liblpc_board_nxp_lpcxpresso_1769.a(board_sysinit.o)
 .group         0x00000000        0xc C:\Users\simon\Documents\MCUXpressoIDE_11.0.1_2563\workspace\lpc_board_nxp_lpcxpresso_1769\Debug\liblpc_board_nxp_lpcxpresso_1769.a(board_sysinit.o)
 .text          0x00000000        0x0 C:\Users\simon\Documents\MCUXpressoIDE_11.0.1_2563\workspace\lpc_board_nxp_lpcxpresso_1769\Debug\liblpc_board_nxp_lpcxpresso_1769.a(board_sysinit.o)
 .data          0x00000000        0x0 C:\Users\simon\Documents\MCUXpressoIDE_11.0.1_2563\workspace\lpc_board_nxp_lpcxpresso_1769\Debug\liblpc_board_nxp_lpcxpresso_1769.a(board_sysinit.o)
 .bss           0x00000000        0x0 C:\Users\simon\Documents\MCUXpressoIDE_11.0.1_2563\workspace\lpc_board_nxp_lpcxpresso_1769\Debug\liblpc_board_nxp_lpcxpresso_1769.a(board_sysinit.o)
 .rodata.pinmuxing
                0x00000000       0x5c C:\Users\simon\Documents\MCUXpressoIDE_11.0.1_2563\workspace\lpc_board_nxp_lpcxpresso_1769\Debug\liblpc_board_nxp_lpcxpresso_1769.a(board_sysinit.o)
 .text.Board_SetupMuxing
                0x00000000       0x1c C:\Users\simon\Documents\MCUXpressoIDE_11.0.1_2563\workspace\lpc_board_nxp_lpcxpresso_1769\Debug\liblpc_board_nxp_lpcxpresso_1769.a(board_sysinit.o)
 .text.Board_SystemInit
                0x00000000       0x10 C:\Users\simon\Documents\MCUXpressoIDE_11.0.1_2563\workspace\lpc_board_nxp_lpcxpresso_1769\Debug\liblpc_board_nxp_lpcxpresso_1769.a(board_sysinit.o)
 .debug_macro   0x00000000       0x10 C:\Users\simon\Documents\MCUXpressoIDE_11.0.1_2563\workspace\lpc_board_nxp_lpcxpresso_1769\Debug\liblpc_board_nxp_lpcxpresso_1769.a(board_sysinit.o)
 .debug_macro   0x00000000      0x12e C:\Users\simon\Documents\MCUXpressoIDE_11.0.1_2563\workspace\lpc_board_nxp_lpcxpresso_1769\Debug\liblpc_board_nxp_lpcxpresso_1769.a(board_sysinit.o)
 .debug_macro   0x00000000      0x5b3 C:\Users\simon\Documents\MCUXpressoIDE_11.0.1_2563\workspace\lpc_board_nxp_lpcxpresso_1769\Debug\liblpc_board_nxp_lpcxpresso_1769.a(board_sysinit.o)
 .debug_macro   0x00000000       0x22 C:\Users\simon\Documents\MCUXpressoIDE_11.0.1_2563\workspace\lpc_board_nxp_lpcxpresso_1769\Debug\liblpc_board_nxp_lpcxpresso_1769.a(board_sysinit.o)
 .debug_macro   0x00000000       0x7b C:\Users\simon\Documents\MCUXpressoIDE_11.0.1_2563\workspace\lpc_board_nxp_lpcxpresso_1769\Debug\liblpc_board_nxp_lpcxpresso_1769.a(board_sysinit.o)
 .debug_macro   0x00000000       0x10 C:\Users\simon\Documents\MCUXpressoIDE_11.0.1_2563\workspace\lpc_board_nxp_lpcxpresso_1769\Debug\liblpc_board_nxp_lpcxpresso_1769.a(board_sysinit.o)
 .debug_macro   0x00000000       0x2d C:\Users\simon\Documents\MCUXpressoIDE_11.0.1_2563\workspace\lpc_board_nxp_lpcxpresso_1769\Debug\liblpc_board_nxp_lpcxpresso_1769.a(board_sysinit.o)
 .debug_macro   0x00000000       0x3a C:\Users\simon\Documents\MCUXpressoIDE_11.0.1_2563\workspace\lpc_board_nxp_lpcxpresso_1769\Debug\liblpc_board_nxp_lpcxpresso_1769.a(board_sysinit.o)
 .debug_macro   0x00000000       0x2d C:\Users\simon\Documents\MCUXpressoIDE_11.0.1_2563\workspace\lpc_board_nxp_lpcxpresso_1769\Debug\liblpc_board_nxp_lpcxpresso_1769.a(board_sysinit.o)
 .debug_macro   0x00000000      0xbb1 C:\Users\simon\Documents\MCUXpressoIDE_11.0.1_2563\workspace\lpc_board_nxp_lpcxpresso_1769\Debug\liblpc_board_nxp_lpcxpresso_1769.a(board_sysinit.o)
 .debug_macro   0x00000000      0x22c C:\Users\simon\Documents\MCUXpressoIDE_11.0.1_2563\workspace\lpc_board_nxp_lpcxpresso_1769\Debug\liblpc_board_nxp_lpcxpresso_1769.a(board_sysinit.o)
 .debug_macro   0x00000000       0x42 C:\Users\simon\Documents\MCUXpressoIDE_11.0.1_2563\workspace\lpc_board_nxp_lpcxpresso_1769\Debug\liblpc_board_nxp_lpcxpresso_1769.a(board_sysinit.o)
 .debug_macro   0x00000000       0x52 C:\Users\simon\Documents\MCUXpressoIDE_11.0.1_2563\workspace\lpc_board_nxp_lpcxpresso_1769\Debug\liblpc_board_nxp_lpcxpresso_1769.a(board_sysinit.o)
 .debug_macro   0x00000000       0x78 C:\Users\simon\Documents\MCUXpressoIDE_11.0.1_2563\workspace\lpc_board_nxp_lpcxpresso_1769\Debug\liblpc_board_nxp_lpcxpresso_1769.a(board_sysinit.o)
 .debug_macro   0x00000000       0x82 C:\Users\simon\Documents\MCUXpressoIDE_11.0.1_2563\workspace\lpc_board_nxp_lpcxpresso_1769\Debug\liblpc_board_nxp_lpcxpresso_1769.a(board_sysinit.o)
 .debug_macro   0x00000000      0x48c C:\Users\simon\Documents\MCUXpressoIDE_11.0.1_2563\workspace\lpc_board_nxp_lpcxpresso_1769\Debug\liblpc_board_nxp_lpcxpresso_1769.a(board_sysinit.o)
 .debug_macro   0x00000000       0x34 C:\Users\simon\Documents\MCUXpressoIDE_11.0.1_2563\workspace\lpc_board_nxp_lpcxpresso_1769\Debug\liblpc_board_nxp_lpcxpresso_1769.a(board_sysinit.o)
 .debug_macro   0x00000000      0x4c5 C:\Users\simon\Documents\MCUXpressoIDE_11.0.1_2563\workspace\lpc_board_nxp_lpcxpresso_1769\Debug\liblpc_board_nxp_lpcxpresso_1769.a(board_sysinit.o)
 .debug_macro   0x00000000      0x1b7 C:\Users\simon\Documents\MCUXpressoIDE_11.0.1_2563\workspace\lpc_board_nxp_lpcxpresso_1769\Debug\liblpc_board_nxp_lpcxpresso_1769.a(board_sysinit.o)
 .debug_macro   0x00000000       0x10 C:\Users\simon\Documents\MCUXpressoIDE_11.0.1_2563\workspace\lpc_board_nxp_lpcxpresso_1769\Debug\liblpc_board_nxp_lpcxpresso_1769.a(board_sysinit.o)
 .debug_macro   0x00000000      0x21b C:\Users\simon\Documents\MCUXpressoIDE_11.0.1_2563\workspace\lpc_board_nxp_lpcxpresso_1769\Debug\liblpc_board_nxp_lpcxpresso_1769.a(board_sysinit.o)
 .debug_macro   0x00000000      0x1b9 C:\Users\simon\Documents\MCUXpressoIDE_11.0.1_2563\workspace\lpc_board_nxp_lpcxpresso_1769\Debug\liblpc_board_nxp_lpcxpresso_1769.a(board_sysinit.o)
 .debug_macro   0x00000000       0x40 C:\Users\simon\Documents\MCUXpressoIDE_11.0.1_2563\workspace\lpc_board_nxp_lpcxpresso_1769\Debug\liblpc_board_nxp_lpcxpresso_1769.a(board_sysinit.o)
 .debug_macro   0x00000000       0x22 C:\Users\simon\Documents\MCUXpressoIDE_11.0.1_2563\workspace\lpc_board_nxp_lpcxpresso_1769\Debug\liblpc_board_nxp_lpcxpresso_1769.a(board_sysinit.o)
 .debug_macro   0x00000000      0x162 C:\Users\simon\Documents\MCUXpressoIDE_11.0.1_2563\workspace\lpc_board_nxp_lpcxpresso_1769\Debug\liblpc_board_nxp_lpcxpresso_1769.a(board_sysinit.o)
 .debug_macro   0x00000000       0x94 C:\Users\simon\Documents\MCUXpressoIDE_11.0.1_2563\workspace\lpc_board_nxp_lpcxpresso_1769\Debug\liblpc_board_nxp_lpcxpresso_1769.a(board_sysinit.o)
 .debug_macro   0x00000000       0xb8 C:\Users\simon\Documents\MCUXpressoIDE_11.0.1_2563\workspace\lpc_board_nxp_lpcxpresso_1769\Debug\liblpc_board_nxp_lpcxpresso_1769.a(board_sysinit.o)
 .debug_macro   0x00000000       0x4c C:\Users\simon\Documents\MCUXpressoIDE_11.0.1_2563\workspace\lpc_board_nxp_lpcxpresso_1769\Debug\liblpc_board_nxp_lpcxpresso_1769.a(board_sysinit.o)
 .debug_macro   0x00000000       0x16 C:\Users\simon\Documents\MCUXpressoIDE_11.0.1_2563\workspace\lpc_board_nxp_lpcxpresso_1769\Debug\liblpc_board_nxp_lpcxpresso_1769.a(board_sysinit.o)
 .debug_macro   0x00000000      0x328 C:\Users\simon\Documents\MCUXpressoIDE_11.0.1_2563\workspace\lpc_board_nxp_lpcxpresso_1769\Debug\liblpc_board_nxp_lpcxpresso_1769.a(board_sysinit.o)
 .debug_macro   0x00000000       0x49 C:\Users\simon\Documents\MCUXpressoIDE_11.0.1_2563\workspace\lpc_board_nxp_lpcxpresso_1769\Debug\liblpc_board_nxp_lpcxpresso_1769.a(board_sysinit.o)
 .debug_macro   0x00000000       0x16 C:\Users\simon\Documents\MCUXpressoIDE_11.0.1_2563\workspace\lpc_board_nxp_lpcxpresso_1769\Debug\liblpc_board_nxp_lpcxpresso_1769.a(board_sysinit.o)
 .debug_macro   0x00000000       0xca C:\Users\simon\Documents\MCUXpressoIDE_11.0.1_2563\workspace\lpc_board_nxp_lpcxpresso_1769\Debug\liblpc_board_nxp_lpcxpresso_1769.a(board_sysinit.o)
 .debug_macro   0x00000000       0x18 C:\Users\simon\Documents\MCUXpressoIDE_11.0.1_2563\workspace\lpc_board_nxp_lpcxpresso_1769\Debug\liblpc_board_nxp_lpcxpresso_1769.a(board_sysinit.o)
 .debug_macro   0x00000000       0x70 C:\Users\simon\Documents\MCUXpressoIDE_11.0.1_2563\workspace\lpc_board_nxp_lpcxpresso_1769\Debug\liblpc_board_nxp_lpcxpresso_1769.a(board_sysinit.o)
 .debug_macro   0x00000000       0x9a C:\Users\simon\Documents\MCUXpressoIDE_11.0.1_2563\workspace\lpc_board_nxp_lpcxpresso_1769\Debug\liblpc_board_nxp_lpcxpresso_1769.a(board_sysinit.o)
 .debug_macro   0x00000000       0x20 C:\Users\simon\Documents\MCUXpressoIDE_11.0.1_2563\workspace\lpc_board_nxp_lpcxpresso_1769\Debug\liblpc_board_nxp_lpcxpresso_1769.a(board_sysinit.o)
 .debug_macro   0x00000000       0x28 C:\Users\simon\Documents\MCUXpressoIDE_11.0.1_2563\workspace\lpc_board_nxp_lpcxpresso_1769\Debug\liblpc_board_nxp_lpcxpresso_1769.a(board_sysinit.o)
 .group         0x00000000        0xc C:\Users\simon\Documents\MCUXpressoIDE_11.0.1_2563\workspace\lpc_chip_175x_6x\Debug\liblpc_chip_175x_6x.a(iocon_17xx_40xx.o)
 .group         0x00000000        0xc C:\Users\simon\Documents\MCUXpressoIDE_11.0.1_2563\workspace\lpc_chip_175x_6x\Debug\liblpc_chip_175x_6x.a(iocon_17xx_40xx.o)
 .group         0x00000000        0xc C:\Users\simon\Documents\MCUXpressoIDE_11.0.1_2563\workspace\lpc_chip_175x_6x\Debug\liblpc_chip_175x_6x.a(iocon_17xx_40xx.o)
 .group         0x00000000        0xc C:\Users\simon\Documents\MCUXpressoIDE_11.0.1_2563\workspace\lpc_chip_175x_6x\Debug\liblpc_chip_175x_6x.a(iocon_17xx_40xx.o)
 .group         0x00000000        0xc C:\Users\simon\Documents\MCUXpressoIDE_11.0.1_2563\workspace\lpc_chip_175x_6x\Debug\liblpc_chip_175x_6x.a(iocon_17xx_40xx.o)
 .group         0x00000000        0xc C:\Users\simon\Documents\MCUXpressoIDE_11.0.1_2563\workspace\lpc_chip_175x_6x\Debug\liblpc_chip_175x_6x.a(iocon_17xx_40xx.o)
 .group         0x00000000        0xc C:\Users\simon\Documents\MCUXpressoIDE_11.0.1_2563\workspace\lpc_chip_175x_6x\Debug\liblpc_chip_175x_6x.a(iocon_17xx_40xx.o)
 .group         0x00000000        0xc C:\Users\simon\Documents\MCUXpressoIDE_11.0.1_2563\workspace\lpc_chip_175x_6x\Debug\liblpc_chip_175x_6x.a(iocon_17xx_40xx.o)
 .group         0x00000000        0xc C:\Users\simon\Documents\MCUXpressoIDE_11.0.1_2563\workspace\lpc_chip_175x_6x\Debug\liblpc_chip_175x_6x.a(iocon_17xx_40xx.o)
 .group         0x00000000        0xc C:\Users\simon\Documents\MCUXpressoIDE_11.0.1_2563\workspace\lpc_chip_175x_6x\Debug\liblpc_chip_175x_6x.a(iocon_17xx_40xx.o)
 .group         0x00000000        0xc C:\Users\simon\Documents\MCUXpressoIDE_11.0.1_2563\workspace\lpc_chip_175x_6x\Debug\liblpc_chip_175x_6x.a(iocon_17xx_40xx.o)
 .group         0x00000000        0xc C:\Users\simon\Documents\MCUXpressoIDE_11.0.1_2563\workspace\lpc_chip_175x_6x\Debug\liblpc_chip_175x_6x.a(iocon_17xx_40xx.o)
 .group         0x00000000        0xc C:\Users\simon\Documents\MCUXpressoIDE_11.0.1_2563\workspace\lpc_chip_175x_6x\Debug\liblpc_chip_175x_6x.a(iocon_17xx_40xx.o)
 .group         0x00000000        0xc C:\Users\simon\Documents\MCUXpressoIDE_11.0.1_2563\workspace\lpc_chip_175x_6x\Debug\liblpc_chip_175x_6x.a(iocon_17xx_40xx.o)
 .group         0x00000000        0xc C:\Users\simon\Documents\MCUXpressoIDE_11.0.1_2563\workspace\lpc_chip_175x_6x\Debug\liblpc_chip_175x_6x.a(iocon_17xx_40xx.o)
 .group         0x00000000        0xc C:\Users\simon\Documents\MCUXpressoIDE_11.0.1_2563\workspace\lpc_chip_175x_6x\Debug\liblpc_chip_175x_6x.a(iocon_17xx_40xx.o)
 .group         0x00000000        0xc C:\Users\simon\Documents\MCUXpressoIDE_11.0.1_2563\workspace\lpc_chip_175x_6x\Debug\liblpc_chip_175x_6x.a(iocon_17xx_40xx.o)
 .group         0x00000000        0xc C:\Users\simon\Documents\MCUXpressoIDE_11.0.1_2563\workspace\lpc_chip_175x_6x\Debug\liblpc_chip_175x_6x.a(iocon_17xx_40xx.o)
 .group         0x00000000        0xc C:\Users\simon\Documents\MCUXpressoIDE_11.0.1_2563\workspace\lpc_chip_175x_6x\Debug\liblpc_chip_175x_6x.a(iocon_17xx_40xx.o)
 .group         0x00000000        0xc C:\Users\simon\Documents\MCUXpressoIDE_11.0.1_2563\workspace\lpc_chip_175x_6x\Debug\liblpc_chip_175x_6x.a(iocon_17xx_40xx.o)
 .group         0x00000000        0xc C:\Users\simon\Documents\MCUXpressoIDE_11.0.1_2563\workspace\lpc_chip_175x_6x\Debug\liblpc_chip_175x_6x.a(iocon_17xx_40xx.o)
 .group         0x00000000        0xc C:\Users\simon\Documents\MCUXpressoIDE_11.0.1_2563\workspace\lpc_chip_175x_6x\Debug\liblpc_chip_175x_6x.a(iocon_17xx_40xx.o)
 .group         0x00000000        0xc C:\Users\simon\Documents\MCUXpressoIDE_11.0.1_2563\workspace\lpc_chip_175x_6x\Debug\liblpc_chip_175x_6x.a(iocon_17xx_40xx.o)
 .group         0x00000000        0xc C:\Users\simon\Documents\MCUXpressoIDE_11.0.1_2563\workspace\lpc_chip_175x_6x\Debug\liblpc_chip_175x_6x.a(iocon_17xx_40xx.o)
 .group         0x00000000        0xc C:\Users\simon\Documents\MCUXpressoIDE_11.0.1_2563\workspace\lpc_chip_175x_6x\Debug\liblpc_chip_175x_6x.a(iocon_17xx_40xx.o)
 .group         0x00000000        0xc C:\Users\simon\Documents\MCUXpressoIDE_11.0.1_2563\workspace\lpc_chip_175x_6x\Debug\liblpc_chip_175x_6x.a(iocon_17xx_40xx.o)
 .group         0x00000000        0xc C:\Users\simon\Documents\MCUXpressoIDE_11.0.1_2563\workspace\lpc_chip_175x_6x\Debug\liblpc_chip_175x_6x.a(iocon_17xx_40xx.o)
 .group         0x00000000        0xc C:\Users\simon\Documents\MCUXpressoIDE_11.0.1_2563\workspace\lpc_chip_175x_6x\Debug\liblpc_chip_175x_6x.a(iocon_17xx_40xx.o)
 .group         0x00000000        0xc C:\Users\simon\Documents\MCUXpressoIDE_11.0.1_2563\workspace\lpc_chip_175x_6x\Debug\liblpc_chip_175x_6x.a(iocon_17xx_40xx.o)
 .group         0x00000000        0xc C:\Users\simon\Documents\MCUXpressoIDE_11.0.1_2563\workspace\lpc_chip_175x_6x\Debug\liblpc_chip_175x_6x.a(iocon_17xx_40xx.o)
 .group         0x00000000        0xc C:\Users\simon\Documents\MCUXpressoIDE_11.0.1_2563\workspace\lpc_chip_175x_6x\Debug\liblpc_chip_175x_6x.a(iocon_17xx_40xx.o)
 .group         0x00000000        0xc C:\Users\simon\Documents\MCUXpressoIDE_11.0.1_2563\workspace\lpc_chip_175x_6x\Debug\liblpc_chip_175x_6x.a(iocon_17xx_40xx.o)
 .group         0x00000000        0xc C:\Users\simon\Documents\MCUXpressoIDE_11.0.1_2563\workspace\lpc_chip_175x_6x\Debug\liblpc_chip_175x_6x.a(iocon_17xx_40xx.o)
 .group         0x00000000        0xc C:\Users\simon\Documents\MCUXpressoIDE_11.0.1_2563\workspace\lpc_chip_175x_6x\Debug\liblpc_chip_175x_6x.a(iocon_17xx_40xx.o)
 .group         0x00000000        0xc C:\Users\simon\Documents\MCUXpressoIDE_11.0.1_2563\workspace\lpc_chip_175x_6x\Debug\liblpc_chip_175x_6x.a(iocon_17xx_40xx.o)
 .text          0x00000000        0x0 C:\Users\simon\Documents\MCUXpressoIDE_11.0.1_2563\workspace\lpc_chip_175x_6x\Debug\liblpc_chip_175x_6x.a(iocon_17xx_40xx.o)
 .data          0x00000000        0x0 C:\Users\simon\Documents\MCUXpressoIDE_11.0.1_2563\workspace\lpc_chip_175x_6x\Debug\liblpc_chip_175x_6x.a(iocon_17xx_40xx.o)
 .bss           0x00000000        0x0 C:\Users\simon\Documents\MCUXpressoIDE_11.0.1_2563\workspace\lpc_chip_175x_6x\Debug\liblpc_chip_175x_6x.a(iocon_17xx_40xx.o)
 .text.Chip_IOCON_PinMuxSet
                0x00000000       0x36 C:\Users\simon\Documents\MCUXpressoIDE_11.0.1_2563\workspace\lpc_chip_175x_6x\Debug\liblpc_chip_175x_6x.a(iocon_17xx_40xx.o)
 .text.Chip_IOCON_PinMux
                0x00000000       0x94 C:\Users\simon\Documents\MCUXpressoIDE_11.0.1_2563\workspace\lpc_chip_175x_6x\Debug\liblpc_chip_175x_6x.a(iocon_17xx_40xx.o)
 .text.Chip_IOCON_SetPinMuxing
                0x00000000       0x62 C:\Users\simon\Documents\MCUXpressoIDE_11.0.1_2563\workspace\lpc_chip_175x_6x\Debug\liblpc_chip_175x_6x.a(iocon_17xx_40xx.o)
 .debug_info    0x00000000      0x347 C:\Users\simon\Documents\MCUXpressoIDE_11.0.1_2563\workspace\lpc_chip_175x_6x\Debug\liblpc_chip_175x_6x.a(iocon_17xx_40xx.o)
 .debug_abbrev  0x00000000      0x164 C:\Users\simon\Documents\MCUXpressoIDE_11.0.1_2563\workspace\lpc_chip_175x_6x\Debug\liblpc_chip_175x_6x.a(iocon_17xx_40xx.o)
 .debug_aranges
                0x00000000       0x30 C:\Users\simon\Documents\MCUXpressoIDE_11.0.1_2563\workspace\lpc_chip_175x_6x\Debug\liblpc_chip_175x_6x.a(iocon_17xx_40xx.o)
 .debug_ranges  0x00000000       0x20 C:\Users\simon\Documents\MCUXpressoIDE_11.0.1_2563\workspace\lpc_chip_175x_6x\Debug\liblpc_chip_175x_6x.a(iocon_17xx_40xx.o)
 .debug_macro   0x00000000      0x1cd C:\Users\simon\Documents\MCUXpressoIDE_11.0.1_2563\workspace\lpc_chip_175x_6x\Debug\liblpc_chip_175x_6x.a(iocon_17xx_40xx.o)
 .debug_macro   0x00000000      0xa9c C:\Users\simon\Documents\MCUXpressoIDE_11.0.1_2563\workspace\lpc_chip_175x_6x\Debug\liblpc_chip_175x_6x.a(iocon_17xx_40xx.o)
 .debug_macro   0x00000000       0x10 C:\Users\simon\Documents\MCUXpressoIDE_11.0.1_2563\workspace\lpc_chip_175x_6x\Debug\liblpc_chip_175x_6x.a(iocon_17xx_40xx.o)
 .debug_macro   0x00000000      0x12e C:\Users\simon\Documents\MCUXpressoIDE_11.0.1_2563\workspace\lpc_chip_175x_6x\Debug\liblpc_chip_175x_6x.a(iocon_17xx_40xx.o)
 .debug_macro   0x00000000      0x5b3 C:\Users\simon\Documents\MCUXpressoIDE_11.0.1_2563\workspace\lpc_chip_175x_6x\Debug\liblpc_chip_175x_6x.a(iocon_17xx_40xx.o)
 .debug_macro   0x00000000       0x22 C:\Users\simon\Documents\MCUXpressoIDE_11.0.1_2563\workspace\lpc_chip_175x_6x\Debug\liblpc_chip_175x_6x.a(iocon_17xx_40xx.o)
 .debug_macro   0x00000000       0x7b C:\Users\simon\Documents\MCUXpressoIDE_11.0.1_2563\workspace\lpc_chip_175x_6x\Debug\liblpc_chip_175x_6x.a(iocon_17xx_40xx.o)
 .debug_macro   0x00000000       0x10 C:\Users\simon\Documents\MCUXpressoIDE_11.0.1_2563\workspace\lpc_chip_175x_6x\Debug\liblpc_chip_175x_6x.a(iocon_17xx_40xx.o)
 .debug_macro   0x00000000       0x2d C:\Users\simon\Documents\MCUXpressoIDE_11.0.1_2563\workspace\lpc_chip_175x_6x\Debug\liblpc_chip_175x_6x.a(iocon_17xx_40xx.o)
 .debug_macro   0x00000000       0x3a C:\Users\simon\Documents\MCUXpressoIDE_11.0.1_2563\workspace\lpc_chip_175x_6x\Debug\liblpc_chip_175x_6x.a(iocon_17xx_40xx.o)
 .debug_macro   0x00000000       0x2d C:\Users\simon\Documents\MCUXpressoIDE_11.0.1_2563\workspace\lpc_chip_175x_6x\Debug\liblpc_chip_175x_6x.a(iocon_17xx_40xx.o)
 .debug_macro   0x00000000      0xbb1 C:\Users\simon\Documents\MCUXpressoIDE_11.0.1_2563\workspace\lpc_chip_175x_6x\Debug\liblpc_chip_175x_6x.a(iocon_17xx_40xx.o)
 .debug_macro   0x00000000      0x22c C:\Users\simon\Documents\MCUXpressoIDE_11.0.1_2563\workspace\lpc_chip_175x_6x\Debug\liblpc_chip_175x_6x.a(iocon_17xx_40xx.o)
 .debug_macro   0x00000000       0x42 C:\Users\simon\Documents\MCUXpressoIDE_11.0.1_2563\workspace\lpc_chip_175x_6x\Debug\liblpc_chip_175x_6x.a(iocon_17xx_40xx.o)
 .debug_macro   0x00000000       0x52 C:\Users\simon\Documents\MCUXpressoIDE_11.0.1_2563\workspace\lpc_chip_175x_6x\Debug\liblpc_chip_175x_6x.a(iocon_17xx_40xx.o)
 .debug_macro   0x00000000       0x78 C:\Users\simon\Documents\MCUXpressoIDE_11.0.1_2563\workspace\lpc_chip_175x_6x\Debug\liblpc_chip_175x_6x.a(iocon_17xx_40xx.o)
 .debug_macro   0x00000000       0x82 C:\Users\simon\Documents\MCUXpressoIDE_11.0.1_2563\workspace\lpc_chip_175x_6x\Debug\liblpc_chip_175x_6x.a(iocon_17xx_40xx.o)
 .debug_macro   0x00000000      0x48c C:\Users\simon\Documents\MCUXpressoIDE_11.0.1_2563\workspace\lpc_chip_175x_6x\Debug\liblpc_chip_175x_6x.a(iocon_17xx_40xx.o)
 .debug_macro   0x00000000       0x34 C:\Users\simon\Documents\MCUXpressoIDE_11.0.1_2563\workspace\lpc_chip_175x_6x\Debug\liblpc_chip_175x_6x.a(iocon_17xx_40xx.o)
 .debug_macro   0x00000000      0x4c5 C:\Users\simon\Documents\MCUXpressoIDE_11.0.1_2563\workspace\lpc_chip_175x_6x\Debug\liblpc_chip_175x_6x.a(iocon_17xx_40xx.o)
 .debug_macro   0x00000000      0x1b7 C:\Users\simon\Documents\MCUXpressoIDE_11.0.1_2563\workspace\lpc_chip_175x_6x\Debug\liblpc_chip_175x_6x.a(iocon_17xx_40xx.o)
 .debug_macro   0x00000000       0x10 C:\Users\simon\Documents\MCUXpressoIDE_11.0.1_2563\workspace\lpc_chip_175x_6x\Debug\liblpc_chip_175x_6x.a(iocon_17xx_40xx.o)
 .debug_macro   0x00000000      0x21b C:\Users\simon\Documents\MCUXpressoIDE_11.0.1_2563\workspace\lpc_chip_175x_6x\Debug\liblpc_chip_175x_6x.a(iocon_17xx_40xx.o)
 .debug_macro   0x00000000      0x1b9 C:\Users\simon\Documents\MCUXpressoIDE_11.0.1_2563\workspace\lpc_chip_175x_6x\Debug\liblpc_chip_175x_6x.a(iocon_17xx_40xx.o)
 .debug_macro   0x00000000       0x40 C:\Users\simon\Documents\MCUXpressoIDE_11.0.1_2563\workspace\lpc_chip_175x_6x\Debug\liblpc_chip_175x_6x.a(iocon_17xx_40xx.o)
 .debug_macro   0x00000000       0x22 C:\Users\simon\Documents\MCUXpressoIDE_11.0.1_2563\workspace\lpc_chip_175x_6x\Debug\liblpc_chip_175x_6x.a(iocon_17xx_40xx.o)
 .debug_macro   0x00000000      0x162 C:\Users\simon\Documents\MCUXpressoIDE_11.0.1_2563\workspace\lpc_chip_175x_6x\Debug\liblpc_chip_175x_6x.a(iocon_17xx_40xx.o)
 .debug_macro   0x00000000       0x94 C:\Users\simon\Documents\MCUXpressoIDE_11.0.1_2563\workspace\lpc_chip_175x_6x\Debug\liblpc_chip_175x_6x.a(iocon_17xx_40xx.o)
 .debug_macro   0x00000000       0xb8 C:\Users\simon\Documents\MCUXpressoIDE_11.0.1_2563\workspace\lpc_chip_175x_6x\Debug\liblpc_chip_175x_6x.a(iocon_17xx_40xx.o)
 .debug_macro   0x00000000       0x4c C:\Users\simon\Documents\MCUXpressoIDE_11.0.1_2563\workspace\lpc_chip_175x_6x\Debug\liblpc_chip_175x_6x.a(iocon_17xx_40xx.o)
 .debug_macro   0x00000000       0x16 C:\Users\simon\Documents\MCUXpressoIDE_11.0.1_2563\workspace\lpc_chip_175x_6x\Debug\liblpc_chip_175x_6x.a(iocon_17xx_40xx.o)
 .debug_macro   0x00000000      0x328 C:\Users\simon\Documents\MCUXpressoIDE_11.0.1_2563\workspace\lpc_chip_175x_6x\Debug\liblpc_chip_175x_6x.a(iocon_17xx_40xx.o)
 .debug_macro   0x00000000       0x49 C:\Users\simon\Documents\MCUXpressoIDE_11.0.1_2563\workspace\lpc_chip_175x_6x\Debug\liblpc_chip_175x_6x.a(iocon_17xx_40xx.o)
 .debug_macro   0x00000000       0x16 C:\Users\simon\Documents\MCUXpressoIDE_11.0.1_2563\workspace\lpc_chip_175x_6x\Debug\liblpc_chip_175x_6x.a(iocon_17xx_40xx.o)
 .debug_macro   0x00000000       0xca C:\Users\simon\Documents\MCUXpressoIDE_11.0.1_2563\workspace\lpc_chip_175x_6x\Debug\liblpc_chip_175x_6x.a(iocon_17xx_40xx.o)
 .debug_macro   0x00000000       0x18 C:\Users\simon\Documents\MCUXpressoIDE_11.0.1_2563\workspace\lpc_chip_175x_6x\Debug\liblpc_chip_175x_6x.a(iocon_17xx_40xx.o)
 .debug_line    0x00000000      0x53d C:\Users\simon\Documents\MCUXpressoIDE_11.0.1_2563\workspace\lpc_chip_175x_6x\Debug\liblpc_chip_175x_6x.a(iocon_17xx_40xx.o)
 .debug_str     0x00000000    0x10ed4 C:\Users\simon\Documents\MCUXpressoIDE_11.0.1_2563\workspace\lpc_chip_175x_6x\Debug\liblpc_chip_175x_6x.a(iocon_17xx_40xx.o)
 .comment       0x00000000       0x76 C:\Users\simon\Documents\MCUXpressoIDE_11.0.1_2563\workspace\lpc_chip_175x_6x\Debug\liblpc_chip_175x_6x.a(iocon_17xx_40xx.o)
 .debug_frame   0x00000000       0x80 C:\Users\simon\Documents\MCUXpressoIDE_11.0.1_2563\workspace\lpc_chip_175x_6x\Debug\liblpc_chip_175x_6x.a(iocon_17xx_40xx.o)
 .ARM.attributes
                0x00000000       0x2d C:\Users\simon\Documents\MCUXpressoIDE_11.0.1_2563\workspace\lpc_chip_175x_6x\Debug\liblpc_chip_175x_6x.a(iocon_17xx_40xx.o)
 .group         0x00000000        0xc C:\Users\simon\Documents\MCUXpressoIDE_11.0.1_2563\workspace\lpc_chip_175x_6x\Debug\liblpc_chip_175x_6x.a(sysinit_17xx_40xx.o)
 .group         0x00000000        0xc C:\Users\simon\Documents\MCUXpressoIDE_11.0.1_2563\workspace\lpc_chip_175x_6x\Debug\liblpc_chip_175x_6x.a(sysinit_17xx_40xx.o)
 .group         0x00000000        0xc C:\Users\simon\Documents\MCUXpressoIDE_11.0.1_2563\workspace\lpc_chip_175x_6x\Debug\liblpc_chip_175x_6x.a(sysinit_17xx_40xx.o)
 .group         0x00000000        0xc C:\Users\simon\Documents\MCUXpressoIDE_11.0.1_2563\workspace\lpc_chip_175x_6x\Debug\liblpc_chip_175x_6x.a(sysinit_17xx_40xx.o)
 .group         0x00000000        0xc C:\Users\simon\Documents\MCUXpressoIDE_11.0.1_2563\workspace\lpc_chip_175x_6x\Debug\liblpc_chip_175x_6x.a(sysinit_17xx_40xx.o)
 .group         0x00000000        0xc C:\Users\simon\Documents\MCUXpressoIDE_11.0.1_2563\workspace\lpc_chip_175x_6x\Debug\liblpc_chip_175x_6x.a(sysinit_17xx_40xx.o)
 .group         0x00000000        0xc C:\Users\simon\Documents\MCUXpressoIDE_11.0.1_2563\workspace\lpc_chip_175x_6x\Debug\liblpc_chip_175x_6x.a(sysinit_17xx_40xx.o)
 .group         0x00000000        0xc C:\Users\simon\Documents\MCUXpressoIDE_11.0.1_2563\workspace\lpc_chip_175x_6x\Debug\liblpc_chip_175x_6x.a(sysinit_17xx_40xx.o)
 .group         0x00000000        0xc C:\Users\simon\Documents\MCUXpressoIDE_11.0.1_2563\workspace\lpc_chip_175x_6x\Debug\liblpc_chip_175x_6x.a(sysinit_17xx_40xx.o)
 .group         0x00000000        0xc C:\Users\simon\Documents\MCUXpressoIDE_11.0.1_2563\workspace\lpc_chip_175x_6x\Debug\liblpc_chip_175x_6x.a(sysinit_17xx_40xx.o)
 .group         0x00000000        0xc C:\Users\simon\Documents\MCUXpressoIDE_11.0.1_2563\workspace\lpc_chip_175x_6x\Debug\liblpc_chip_175x_6x.a(sysinit_17xx_40xx.o)
 .group         0x00000000        0xc C:\Users\simon\Documents\MCUXpressoIDE_11.0.1_2563\workspace\lpc_chip_175x_6x\Debug\liblpc_chip_175x_6x.a(sysinit_17xx_40xx.o)
 .group         0x00000000        0xc C:\Users\simon\Documents\MCUXpressoIDE_11.0.1_2563\workspace\lpc_chip_175x_6x\Debug\liblpc_chip_175x_6x.a(sysinit_17xx_40xx.o)
 .group         0x00000000        0xc C:\Users\simon\Documents\MCUXpressoIDE_11.0.1_2563\workspace\lpc_chip_175x_6x\Debug\liblpc_chip_175x_6x.a(sysinit_17xx_40xx.o)
 .group         0x00000000        0xc C:\Users\simon\Documents\MCUXpressoIDE_11.0.1_2563\workspace\lpc_chip_175x_6x\Debug\liblpc_chip_175x_6x.a(sysinit_17xx_40xx.o)
 .group         0x00000000        0xc C:\Users\simon\Documents\MCUXpressoIDE_11.0.1_2563\workspace\lpc_chip_175x_6x\Debug\liblpc_chip_175x_6x.a(sysinit_17xx_40xx.o)
 .group         0x00000000        0xc C:\Users\simon\Documents\MCUXpressoIDE_11.0.1_2563\workspace\lpc_chip_175x_6x\Debug\liblpc_chip_175x_6x.a(sysinit_17xx_40xx.o)
 .group         0x00000000        0xc C:\Users\simon\Documents\MCUXpressoIDE_11.0.1_2563\workspace\lpc_chip_175x_6x\Debug\liblpc_chip_175x_6x.a(sysinit_17xx_40xx.o)
 .group         0x00000000        0xc C:\Users\simon\Documents\MCUXpressoIDE_11.0.1_2563\workspace\lpc_chip_175x_6x\Debug\liblpc_chip_175x_6x.a(sysinit_17xx_40xx.o)
 .group         0x00000000        0xc C:\Users\simon\Documents\MCUXpressoIDE_11.0.1_2563\workspace\lpc_chip_175x_6x\Debug\liblpc_chip_175x_6x.a(sysinit_17xx_40xx.o)
 .group         0x00000000        0xc C:\Users\simon\Documents\MCUXpressoIDE_11.0.1_2563\workspace\lpc_chip_175x_6x\Debug\liblpc_chip_175x_6x.a(sysinit_17xx_40xx.o)
 .group         0x00000000        0xc C:\Users\simon\Documents\MCUXpressoIDE_11.0.1_2563\workspace\lpc_chip_175x_6x\Debug\liblpc_chip_175x_6x.a(sysinit_17xx_40xx.o)
 .group         0x00000000        0xc C:\Users\simon\Documents\MCUXpressoIDE_11.0.1_2563\workspace\lpc_chip_175x_6x\Debug\liblpc_chip_175x_6x.a(sysinit_17xx_40xx.o)
 .group         0x00000000        0xc C:\Users\simon\Documents\MCUXpressoIDE_11.0.1_2563\workspace\lpc_chip_175x_6x\Debug\liblpc_chip_175x_6x.a(sysinit_17xx_40xx.o)
 .group         0x00000000        0xc C:\Users\simon\Documents\MCUXpressoIDE_11.0.1_2563\workspace\lpc_chip_175x_6x\Debug\liblpc_chip_175x_6x.a(sysinit_17xx_40xx.o)
 .group         0x00000000        0xc C:\Users\simon\Documents\MCUXpressoIDE_11.0.1_2563\workspace\lpc_chip_175x_6x\Debug\liblpc_chip_175x_6x.a(sysinit_17xx_40xx.o)
 .group         0x00000000        0xc C:\Users\simon\Documents\MCUXpressoIDE_11.0.1_2563\workspace\lpc_chip_175x_6x\Debug\liblpc_chip_175x_6x.a(sysinit_17xx_40xx.o)
 .group         0x00000000        0xc C:\Users\simon\Documents\MCUXpressoIDE_11.0.1_2563\workspace\lpc_chip_175x_6x\Debug\liblpc_chip_175x_6x.a(sysinit_17xx_40xx.o)
 .group         0x00000000        0xc C:\Users\simon\Documents\MCUXpressoIDE_11.0.1_2563\workspace\lpc_chip_175x_6x\Debug\liblpc_chip_175x_6x.a(sysinit_17xx_40xx.o)
 .group         0x00000000        0xc C:\Users\simon\Documents\MCUXpressoIDE_11.0.1_2563\workspace\lpc_chip_175x_6x\Debug\liblpc_chip_175x_6x.a(sysinit_17xx_40xx.o)
 .group         0x00000000        0xc C:\Users\simon\Documents\MCUXpressoIDE_11.0.1_2563\workspace\lpc_chip_175x_6x\Debug\liblpc_chip_175x_6x.a(sysinit_17xx_40xx.o)
 .group         0x00000000        0xc C:\Users\simon\Documents\MCUXpressoIDE_11.0.1_2563\workspace\lpc_chip_175x_6x\Debug\liblpc_chip_175x_6x.a(sysinit_17xx_40xx.o)
 .group         0x00000000        0xc C:\Users\simon\Documents\MCUXpressoIDE_11.0.1_2563\workspace\lpc_chip_175x_6x\Debug\liblpc_chip_175x_6x.a(sysinit_17xx_40xx.o)
 .group         0x00000000        0xc C:\Users\simon\Documents\MCUXpressoIDE_11.0.1_2563\workspace\lpc_chip_175x_6x\Debug\liblpc_chip_175x_6x.a(sysinit_17xx_40xx.o)
 .group         0x00000000        0xc C:\Users\simon\Documents\MCUXpressoIDE_11.0.1_2563\workspace\lpc_chip_175x_6x\Debug\liblpc_chip_175x_6x.a(sysinit_17xx_40xx.o)
 .text          0x00000000        0x0 C:\Users\simon\Documents\MCUXpressoIDE_11.0.1_2563\workspace\lpc_chip_175x_6x\Debug\liblpc_chip_175x_6x.a(sysinit_17xx_40xx.o)
 .data          0x00000000        0x0 C:\Users\simon\Documents\MCUXpressoIDE_11.0.1_2563\workspace\lpc_chip_175x_6x\Debug\liblpc_chip_175x_6x.a(sysinit_17xx_40xx.o)
 .bss           0x00000000        0x0 C:\Users\simon\Documents\MCUXpressoIDE_11.0.1_2563\workspace\lpc_chip_175x_6x\Debug\liblpc_chip_175x_6x.a(sysinit_17xx_40xx.o)
 .text.Chip_SetupIrcClocking
                0x00000000       0x6a C:\Users\simon\Documents\MCUXpressoIDE_11.0.1_2563\workspace\lpc_chip_175x_6x\Debug\liblpc_chip_175x_6x.a(sysinit_17xx_40xx.o)
 .text.Chip_SystemInit
                0x00000000        0xc C:\Users\simon\Documents\MCUXpressoIDE_11.0.1_2563\workspace\lpc_chip_175x_6x\Debug\liblpc_chip_175x_6x.a(sysinit_17xx_40xx.o)
 .debug_macro   0x00000000      0xa9c C:\Users\simon\Documents\MCUXpressoIDE_11.0.1_2563\workspace\lpc_chip_175x_6x\Debug\liblpc_chip_175x_6x.a(sysinit_17xx_40xx.o)
 .debug_macro   0x00000000       0x10 C:\Users\simon\Documents\MCUXpressoIDE_11.0.1_2563\workspace\lpc_chip_175x_6x\Debug\liblpc_chip_175x_6x.a(sysinit_17xx_40xx.o)
 .debug_macro   0x00000000      0x12e C:\Users\simon\Documents\MCUXpressoIDE_11.0.1_2563\workspace\lpc_chip_175x_6x\Debug\liblpc_chip_175x_6x.a(sysinit_17xx_40xx.o)
 .debug_macro   0x00000000      0x5b3 C:\Users\simon\Documents\MCUXpressoIDE_11.0.1_2563\workspace\lpc_chip_175x_6x\Debug\liblpc_chip_175x_6x.a(sysinit_17xx_40xx.o)
 .debug_macro   0x00000000       0x22 C:\Users\simon\Documents\MCUXpressoIDE_11.0.1_2563\workspace\lpc_chip_175x_6x\Debug\liblpc_chip_175x_6x.a(sysinit_17xx_40xx.o)
 .debug_macro   0x00000000       0x7b C:\Users\simon\Documents\MCUXpressoIDE_11.0.1_2563\workspace\lpc_chip_175x_6x\Debug\liblpc_chip_175x_6x.a(sysinit_17xx_40xx.o)
 .debug_macro   0x00000000       0x10 C:\Users\simon\Documents\MCUXpressoIDE_11.0.1_2563\workspace\lpc_chip_175x_6x\Debug\liblpc_chip_175x_6x.a(sysinit_17xx_40xx.o)
 .debug_macro   0x00000000       0x2d C:\Users\simon\Documents\MCUXpressoIDE_11.0.1_2563\workspace\lpc_chip_175x_6x\Debug\liblpc_chip_175x_6x.a(sysinit_17xx_40xx.o)
 .debug_macro   0x00000000       0x3a C:\Users\simon\Documents\MCUXpressoIDE_11.0.1_2563\workspace\lpc_chip_175x_6x\Debug\liblpc_chip_175x_6x.a(sysinit_17xx_40xx.o)
 .debug_macro   0x00000000       0x2d C:\Users\simon\Documents\MCUXpressoIDE_11.0.1_2563\workspace\lpc_chip_175x_6x\Debug\liblpc_chip_175x_6x.a(sysinit_17xx_40xx.o)
 .debug_macro   0x00000000      0xbb1 C:\Users\simon\Documents\MCUXpressoIDE_11.0.1_2563\workspace\lpc_chip_175x_6x\Debug\liblpc_chip_175x_6x.a(sysinit_17xx_40xx.o)
 .debug_macro   0x00000000      0x22c C:\Users\simon\Documents\MCUXpressoIDE_11.0.1_2563\workspace\lpc_chip_175x_6x\Debug\liblpc_chip_175x_6x.a(sysinit_17xx_40xx.o)
 .debug_macro   0x00000000       0x42 C:\Users\simon\Documents\MCUXpressoIDE_11.0.1_2563\workspace\lpc_chip_175x_6x\Debug\liblpc_chip_175x_6x.a(sysinit_17xx_40xx.o)
 .debug_macro   0x00000000       0x52 C:\Users\simon\Documents\MCUXpressoIDE_11.0.1_2563\workspace\lpc_chip_175x_6x\Debug\liblpc_chip_175x_6x.a(sysinit_17xx_40xx.o)
 .debug_macro   0x00000000       0x78 C:\Users\simon\Documents\MCUXpressoIDE_11.0.1_2563\workspace\lpc_chip_175x_6x\Debug\liblpc_chip_175x_6x.a(sysinit_17xx_40xx.o)
 .debug_macro   0x00000000       0x82 C:\Users\simon\Documents\MCUXpressoIDE_11.0.1_2563\workspace\lpc_chip_175x_6x\Debug\liblpc_chip_175x_6x.a(sysinit_17xx_40xx.o)
 .debug_macro   0x00000000      0x48c C:\Users\simon\Documents\MCUXpressoIDE_11.0.1_2563\workspace\lpc_chip_175x_6x\Debug\liblpc_chip_175x_6x.a(sysinit_17xx_40xx.o)
 .debug_macro   0x00000000       0x34 C:\Users\simon\Documents\MCUXpressoIDE_11.0.1_2563\workspace\lpc_chip_175x_6x\Debug\liblpc_chip_175x_6x.a(sysinit_17xx_40xx.o)
 .debug_macro   0x00000000      0x4c5 C:\Users\simon\Documents\MCUXpressoIDE_11.0.1_2563\workspace\lpc_chip_175x_6x\Debug\liblpc_chip_175x_6x.a(sysinit_17xx_40xx.o)
 .debug_macro   0x00000000      0x1b7 C:\Users\simon\Documents\MCUXpressoIDE_11.0.1_2563\workspace\lpc_chip_175x_6x\Debug\liblpc_chip_175x_6x.a(sysinit_17xx_40xx.o)
 .debug_macro   0x00000000       0x10 C:\Users\simon\Documents\MCUXpressoIDE_11.0.1_2563\workspace\lpc_chip_175x_6x\Debug\liblpc_chip_175x_6x.a(sysinit_17xx_40xx.o)
 .debug_macro   0x00000000      0x21b C:\Users\simon\Documents\MCUXpressoIDE_11.0.1_2563\workspace\lpc_chip_175x_6x\Debug\liblpc_chip_175x_6x.a(sysinit_17xx_40xx.o)
 .debug_macro   0x00000000      0x1b9 C:\Users\simon\Documents\MCUXpressoIDE_11.0.1_2563\workspace\lpc_chip_175x_6x\Debug\liblpc_chip_175x_6x.a(sysinit_17xx_40xx.o)
 .debug_macro   0x00000000       0x40 C:\Users\simon\Documents\MCUXpressoIDE_11.0.1_2563\workspace\lpc_chip_175x_6x\Debug\liblpc_chip_175x_6x.a(sysinit_17xx_40xx.o)
 .debug_macro   0x00000000       0x22 C:\Users\simon\Documents\MCUXpressoIDE_11.0.1_2563\workspace\lpc_chip_175x_6x\Debug\liblpc_chip_175x_6x.a(sysinit_17xx_40xx.o)
 .debug_macro   0x00000000      0x162 C:\Users\simon\Documents\MCUXpressoIDE_11.0.1_2563\workspace\lpc_chip_175x_6x\Debug\liblpc_chip_175x_6x.a(sysinit_17xx_40xx.o)
 .debug_macro   0x00000000       0x94 C:\Users\simon\Documents\MCUXpressoIDE_11.0.1_2563\workspace\lpc_chip_175x_6x\Debug\liblpc_chip_175x_6x.a(sysinit_17xx_40xx.o)
 .debug_macro   0x00000000       0xb8 C:\Users\simon\Documents\MCUXpressoIDE_11.0.1_2563\workspace\lpc_chip_175x_6x\Debug\liblpc_chip_175x_6x.a(sysinit_17xx_40xx.o)
 .debug_macro   0x00000000       0x4c C:\Users\simon\Documents\MCUXpressoIDE_11.0.1_2563\workspace\lpc_chip_175x_6x\Debug\liblpc_chip_175x_6x.a(sysinit_17xx_40xx.o)
 .debug_macro   0x00000000       0x16 C:\Users\simon\Documents\MCUXpressoIDE_11.0.1_2563\workspace\lpc_chip_175x_6x\Debug\liblpc_chip_175x_6x.a(sysinit_17xx_40xx.o)
 .debug_macro   0x00000000      0x328 C:\Users\simon\Documents\MCUXpressoIDE_11.0.1_2563\workspace\lpc_chip_175x_6x\Debug\liblpc_chip_175x_6x.a(sysinit_17xx_40xx.o)
 .debug_macro   0x00000000       0x49 C:\Users\simon\Documents\MCUXpressoIDE_11.0.1_2563\workspace\lpc_chip_175x_6x\Debug\liblpc_chip_175x_6x.a(sysinit_17xx_40xx.o)
 .debug_macro   0x00000000       0x16 C:\Users\simon\Documents\MCUXpressoIDE_11.0.1_2563\workspace\lpc_chip_175x_6x\Debug\liblpc_chip_175x_6x.a(sysinit_17xx_40xx.o)
 .debug_macro   0x00000000       0xca C:\Users\simon\Documents\MCUXpressoIDE_11.0.1_2563\workspace\lpc_chip_175x_6x\Debug\liblpc_chip_175x_6x.a(sysinit_17xx_40xx.o)
 .debug_macro   0x00000000       0x18 C:\Users\simon\Documents\MCUXpressoIDE_11.0.1_2563\workspace\lpc_chip_175x_6x\Debug\liblpc_chip_175x_6x.a(sysinit_17xx_40xx.o)
 .group         0x00000000        0xc C:\Users\simon\Documents\MCUXpressoIDE_11.0.1_2563\workspace\lpc_chip_175x_6x\Debug\liblpc_chip_175x_6x.a(clock_17xx_40xx.o)
 .group         0x00000000        0xc C:\Users\simon\Documents\MCUXpressoIDE_11.0.1_2563\workspace\lpc_chip_175x_6x\Debug\liblpc_chip_175x_6x.a(clock_17xx_40xx.o)
 .group         0x00000000        0xc C:\Users\simon\Documents\MCUXpressoIDE_11.0.1_2563\workspace\lpc_chip_175x_6x\Debug\liblpc_chip_175x_6x.a(clock_17xx_40xx.o)
 .group         0x00000000        0xc C:\Users\simon\Documents\MCUXpressoIDE_11.0.1_2563\workspace\lpc_chip_175x_6x\Debug\liblpc_chip_175x_6x.a(clock_17xx_40xx.o)
 .group         0x00000000        0xc C:\Users\simon\Documents\MCUXpressoIDE_11.0.1_2563\workspace\lpc_chip_175x_6x\Debug\liblpc_chip_175x_6x.a(clock_17xx_40xx.o)
 .group         0x00000000        0xc C:\Users\simon\Documents\MCUXpressoIDE_11.0.1_2563\workspace\lpc_chip_175x_6x\Debug\liblpc_chip_175x_6x.a(clock_17xx_40xx.o)
 .group         0x00000000        0xc C:\Users\simon\Documents\MCUXpressoIDE_11.0.1_2563\workspace\lpc_chip_175x_6x\Debug\liblpc_chip_175x_6x.a(clock_17xx_40xx.o)
 .group         0x00000000        0xc C:\Users\simon\Documents\MCUXpressoIDE_11.0.1_2563\workspace\lpc_chip_175x_6x\Debug\liblpc_chip_175x_6x.a(clock_17xx_40xx.o)
 .group         0x00000000        0xc C:\Users\simon\Documents\MCUXpressoIDE_11.0.1_2563\workspace\lpc_chip_175x_6x\Debug\liblpc_chip_175x_6x.a(clock_17xx_40xx.o)
 .group         0x00000000        0xc C:\Users\simon\Documents\MCUXpressoIDE_11.0.1_2563\workspace\lpc_chip_175x_6x\Debug\liblpc_chip_175x_6x.a(clock_17xx_40xx.o)
 .group         0x00000000        0xc C:\Users\simon\Documents\MCUXpressoIDE_11.0.1_2563\workspace\lpc_chip_175x_6x\Debug\liblpc_chip_175x_6x.a(clock_17xx_40xx.o)
 .group         0x00000000        0xc C:\Users\simon\Documents\MCUXpressoIDE_11.0.1_2563\workspace\lpc_chip_175x_6x\Debug\liblpc_chip_175x_6x.a(clock_17xx_40xx.o)
 .group         0x00000000        0xc C:\Users\simon\Documents\MCUXpressoIDE_11.0.1_2563\workspace\lpc_chip_175x_6x\Debug\liblpc_chip_175x_6x.a(clock_17xx_40xx.o)
 .group         0x00000000        0xc C:\Users\simon\Documents\MCUXpressoIDE_11.0.1_2563\workspace\lpc_chip_175x_6x\Debug\liblpc_chip_175x_6x.a(clock_17xx_40xx.o)
 .group         0x00000000        0xc C:\Users\simon\Documents\MCUXpressoIDE_11.0.1_2563\workspace\lpc_chip_175x_6x\Debug\liblpc_chip_175x_6x.a(clock_17xx_40xx.o)
 .group         0x00000000        0xc C:\Users\simon\Documents\MCUXpressoIDE_11.0.1_2563\workspace\lpc_chip_175x_6x\Debug\liblpc_chip_175x_6x.a(clock_17xx_40xx.o)
 .group         0x00000000        0xc C:\Users\simon\Documents\MCUXpressoIDE_11.0.1_2563\workspace\lpc_chip_175x_6x\Debug\liblpc_chip_175x_6x.a(clock_17xx_40xx.o)
 .group         0x00000000        0xc C:\Users\simon\Documents\MCUXpressoIDE_11.0.1_2563\workspace\lpc_chip_175x_6x\Debug\liblpc_chip_175x_6x.a(clock_17xx_40xx.o)
 .group         0x00000000        0xc C:\Users\simon\Documents\MCUXpressoIDE_11.0.1_2563\workspace\lpc_chip_175x_6x\Debug\liblpc_chip_175x_6x.a(clock_17xx_40xx.o)
 .group         0x00000000        0xc C:\Users\simon\Documents\MCUXpressoIDE_11.0.1_2563\workspace\lpc_chip_175x_6x\Debug\liblpc_chip_175x_6x.a(clock_17xx_40xx.o)
 .group         0x00000000        0xc C:\Users\simon\Documents\MCUXpressoIDE_11.0.1_2563\workspace\lpc_chip_175x_6x\Debug\liblpc_chip_175x_6x.a(clock_17xx_40xx.o)
 .group         0x00000000        0xc C:\Users\simon\Documents\MCUXpressoIDE_11.0.1_2563\workspace\lpc_chip_175x_6x\Debug\liblpc_chip_175x_6x.a(clock_17xx_40xx.o)
 .group         0x00000000        0xc C:\Users\simon\Documents\MCUXpressoIDE_11.0.1_2563\workspace\lpc_chip_175x_6x\Debug\liblpc_chip_175x_6x.a(clock_17xx_40xx.o)
 .group         0x00000000        0xc C:\Users\simon\Documents\MCUXpressoIDE_11.0.1_2563\workspace\lpc_chip_175x_6x\Debug\liblpc_chip_175x_6x.a(clock_17xx_40xx.o)
 .group         0x00000000        0xc C:\Users\simon\Documents\MCUXpressoIDE_11.0.1_2563\workspace\lpc_chip_175x_6x\Debug\liblpc_chip_175x_6x.a(clock_17xx_40xx.o)
 .group         0x00000000        0xc C:\Users\simon\Documents\MCUXpressoIDE_11.0.1_2563\workspace\lpc_chip_175x_6x\Debug\liblpc_chip_175x_6x.a(clock_17xx_40xx.o)
 .group         0x00000000        0xc C:\Users\simon\Documents\MCUXpressoIDE_11.0.1_2563\workspace\lpc_chip_175x_6x\Debug\liblpc_chip_175x_6x.a(clock_17xx_40xx.o)
 .group         0x00000000        0xc C:\Users\simon\Documents\MCUXpressoIDE_11.0.1_2563\workspace\lpc_chip_175x_6x\Debug\liblpc_chip_175x_6x.a(clock_17xx_40xx.o)
 .group         0x00000000        0xc C:\Users\simon\Documents\MCUXpressoIDE_11.0.1_2563\workspace\lpc_chip_175x_6x\Debug\liblpc_chip_175x_6x.a(clock_17xx_40xx.o)
 .group         0x00000000        0xc C:\Users\simon\Documents\MCUXpressoIDE_11.0.1_2563\workspace\lpc_chip_175x_6x\Debug\liblpc_chip_175x_6x.a(clock_17xx_40xx.o)
 .group         0x00000000        0xc C:\Users\simon\Documents\MCUXpressoIDE_11.0.1_2563\workspace\lpc_chip_175x_6x\Debug\liblpc_chip_175x_6x.a(clock_17xx_40xx.o)
 .group         0x00000000        0xc C:\Users\simon\Documents\MCUXpressoIDE_11.0.1_2563\workspace\lpc_chip_175x_6x\Debug\liblpc_chip_175x_6x.a(clock_17xx_40xx.o)
 .group         0x00000000        0xc C:\Users\simon\Documents\MCUXpressoIDE_11.0.1_2563\workspace\lpc_chip_175x_6x\Debug\liblpc_chip_175x_6x.a(clock_17xx_40xx.o)
 .group         0x00000000        0xc C:\Users\simon\Documents\MCUXpressoIDE_11.0.1_2563\workspace\lpc_chip_175x_6x\Debug\liblpc_chip_175x_6x.a(clock_17xx_40xx.o)
 .group         0x00000000        0xc C:\Users\simon\Documents\MCUXpressoIDE_11.0.1_2563\workspace\lpc_chip_175x_6x\Debug\liblpc_chip_175x_6x.a(clock_17xx_40xx.o)
 .text          0x00000000        0x0 C:\Users\simon\Documents\MCUXpressoIDE_11.0.1_2563\workspace\lpc_chip_175x_6x\Debug\liblpc_chip_175x_6x.a(clock_17xx_40xx.o)
 .data          0x00000000        0x0 C:\Users\simon\Documents\MCUXpressoIDE_11.0.1_2563\workspace\lpc_chip_175x_6x\Debug\liblpc_chip_175x_6x.a(clock_17xx_40xx.o)
 .bss           0x00000000        0x0 C:\Users\simon\Documents\MCUXpressoIDE_11.0.1_2563\workspace\lpc_chip_175x_6x\Debug\liblpc_chip_175x_6x.a(clock_17xx_40xx.o)
 .text.Chip_Clock_IsMainPLLEnabled
                0x00000000       0x24 C:\Users\simon\Documents\MCUXpressoIDE_11.0.1_2563\workspace\lpc_chip_175x_6x\Debug\liblpc_chip_175x_6x.a(clock_17xx_40xx.o)
 .text.Chip_Clock_IsUSBPLLEnabled
                0x00000000       0x24 C:\Users\simon\Documents\MCUXpressoIDE_11.0.1_2563\workspace\lpc_chip_175x_6x\Debug\liblpc_chip_175x_6x.a(clock_17xx_40xx.o)
 .text.Chip_Clock_IsMainPLLConnected
                0x00000000       0x24 C:\Users\simon\Documents\MCUXpressoIDE_11.0.1_2563\workspace\lpc_chip_175x_6x\Debug\liblpc_chip_175x_6x.a(clock_17xx_40xx.o)
 .text.Chip_Clock_IsUSBPLLConnected
                0x00000000       0x24 C:\Users\simon\Documents\MCUXpressoIDE_11.0.1_2563\workspace\lpc_chip_175x_6x\Debug\liblpc_chip_175x_6x.a(clock_17xx_40xx.o)
 .text.Chip_Clock_GetMainPLLSource
                0x00000000       0x20 C:\Users\simon\Documents\MCUXpressoIDE_11.0.1_2563\workspace\lpc_chip_175x_6x\Debug\liblpc_chip_175x_6x.a(clock_17xx_40xx.o)
 .text.Chip_Clock_GetMainOscRate
                0x00000000       0x14 C:\Users\simon\Documents\MCUXpressoIDE_11.0.1_2563\workspace\lpc_chip_175x_6x\Debug\liblpc_chip_175x_6x.a(clock_17xx_40xx.o)
 .text.Chip_Clock_GetIntOscRate
                0x00000000       0x14 C:\Users\simon\Documents\MCUXpressoIDE_11.0.1_2563\workspace\lpc_chip_175x_6x\Debug\liblpc_chip_175x_6x.a(clock_17xx_40xx.o)
 .text.Chip_Clock_GetRTCOscRate
                0x00000000       0x14 C:\Users\simon\Documents\MCUXpressoIDE_11.0.1_2563\workspace\lpc_chip_175x_6x\Debug\liblpc_chip_175x_6x.a(clock_17xx_40xx.o)
 .text.Chip_Clock_GetMainPLLInClockRate
                0x00000000        0xe C:\Users\simon\Documents\MCUXpressoIDE_11.0.1_2563\workspace\lpc_chip_175x_6x\Debug\liblpc_chip_175x_6x.a(clock_17xx_40xx.o)
 .text.Chip_Clock_GetUSBPLLInClockRate
                0x00000000        0xe C:\Users\simon\Documents\MCUXpressoIDE_11.0.1_2563\workspace\lpc_chip_175x_6x\Debug\liblpc_chip_175x_6x.a(clock_17xx_40xx.o)
 .text.Chip_Clock_EnablePeriphClock
                0x00000000       0x34 C:\Users\simon\Documents\MCUXpressoIDE_11.0.1_2563\workspace\lpc_chip_175x_6x\Debug\liblpc_chip_175x_6x.a(clock_17xx_40xx.o)
 .text.Chip_Clock_DisablePeriphClock
                0x00000000       0x38 C:\Users\simon\Documents\MCUXpressoIDE_11.0.1_2563\workspace\lpc_chip_175x_6x\Debug\liblpc_chip_175x_6x.a(clock_17xx_40xx.o)
 .text.Chip_Clock_IsPeripheralClockEnabled
                0x00000000       0x3c C:\Users\simon\Documents\MCUXpressoIDE_11.0.1_2563\workspace\lpc_chip_175x_6x\Debug\liblpc_chip_175x_6x.a(clock_17xx_40xx.o)
 .text.Chip_Clock_SetCPUClockSource
                0x00000000       0x2a C:\Users\simon\Documents\MCUXpressoIDE_11.0.1_2563\workspace\lpc_chip_175x_6x\Debug\liblpc_chip_175x_6x.a(clock_17xx_40xx.o)
 .text.Chip_Clock_GetCPUClockSource
                0x00000000       0x24 C:\Users\simon\Documents\MCUXpressoIDE_11.0.1_2563\workspace\lpc_chip_175x_6x\Debug\liblpc_chip_175x_6x.a(clock_17xx_40xx.o)
 .text.Chip_Clock_GetCPUClockDiv
                0x00000000       0x1c C:\Users\simon\Documents\MCUXpressoIDE_11.0.1_2563\workspace\lpc_chip_175x_6x\Debug\liblpc_chip_175x_6x.a(clock_17xx_40xx.o)
 .text.Chip_Clock_SetUSBClockDiv
                0x00000000       0x30 C:\Users\simon\Documents\MCUXpressoIDE_11.0.1_2563\workspace\lpc_chip_175x_6x\Debug\liblpc_chip_175x_6x.a(clock_17xx_40xx.o)
 .text.Chip_Clock_GetUSBClockDiv
                0x00000000       0x1c C:\Users\simon\Documents\MCUXpressoIDE_11.0.1_2563\workspace\lpc_chip_175x_6x\Debug\liblpc_chip_175x_6x.a(clock_17xx_40xx.o)
 .text.Chip_Clock_SetPCLKDiv
                0x00000000       0x64 C:\Users\simon\Documents\MCUXpressoIDE_11.0.1_2563\workspace\lpc_chip_175x_6x\Debug\liblpc_chip_175x_6x.a(clock_17xx_40xx.o)
 .text.Chip_Clock_GetPCLKDiv
                0x00000000       0x8c C:\Users\simon\Documents\MCUXpressoIDE_11.0.1_2563\workspace\lpc_chip_175x_6x\Debug\liblpc_chip_175x_6x.a(clock_17xx_40xx.o)
 .text.Chip_Clock_SetCLKOUTSource
                0x00000000       0x44 C:\Users\simon\Documents\MCUXpressoIDE_11.0.1_2563\workspace\lpc_chip_175x_6x\Debug\liblpc_chip_175x_6x.a(clock_17xx_40xx.o)
 .text.Chip_Clock_GetSYSCLKRate
                0x00000000       0x34 C:\Users\simon\Documents\MCUXpressoIDE_11.0.1_2563\workspace\lpc_chip_175x_6x\Debug\liblpc_chip_175x_6x.a(clock_17xx_40xx.o)
 .text.Chip_Clock_GetMainPLLOutClockRate
                0x00000000       0x54 C:\Users\simon\Documents\MCUXpressoIDE_11.0.1_2563\workspace\lpc_chip_175x_6x\Debug\liblpc_chip_175x_6x.a(clock_17xx_40xx.o)
 .text.Chip_Clock_GetUSBPLLOutClockRate
                0x00000000       0x40 C:\Users\simon\Documents\MCUXpressoIDE_11.0.1_2563\workspace\lpc_chip_175x_6x\Debug\liblpc_chip_175x_6x.a(clock_17xx_40xx.o)
 .text.Chip_Clock_GetMainClockRate
                0x00000000       0x28 C:\Users\simon\Documents\MCUXpressoIDE_11.0.1_2563\workspace\lpc_chip_175x_6x\Debug\liblpc_chip_175x_6x.a(clock_17xx_40xx.o)
 .text.Chip_Clock_GetSystemClockRate
                0x00000000       0x18 C:\Users\simon\Documents\MCUXpressoIDE_11.0.1_2563\workspace\lpc_chip_175x_6x\Debug\liblpc_chip_175x_6x.a(clock_17xx_40xx.o)
 .text.Chip_Clock_GetUSBClockRate
                0x00000000       0x38 C:\Users\simon\Documents\MCUXpressoIDE_11.0.1_2563\workspace\lpc_chip_175x_6x\Debug\liblpc_chip_175x_6x.a(clock_17xx_40xx.o)
 .text.Chip_Clock_GetPeripheralClockRate
                0x00000000       0x26 C:\Users\simon\Documents\MCUXpressoIDE_11.0.1_2563\workspace\lpc_chip_175x_6x\Debug\liblpc_chip_175x_6x.a(clock_17xx_40xx.o)
 .debug_macro   0x00000000      0xa9c C:\Users\simon\Documents\MCUXpressoIDE_11.0.1_2563\workspace\lpc_chip_175x_6x\Debug\liblpc_chip_175x_6x.a(clock_17xx_40xx.o)
 .debug_macro   0x00000000       0x10 C:\Users\simon\Documents\MCUXpressoIDE_11.0.1_2563\workspace\lpc_chip_175x_6x\Debug\liblpc_chip_175x_6x.a(clock_17xx_40xx.o)
 .debug_macro   0x00000000      0x12e C:\Users\simon\Documents\MCUXpressoIDE_11.0.1_2563\workspace\lpc_chip_175x_6x\Debug\liblpc_chip_175x_6x.a(clock_17xx_40xx.o)
 .debug_macro   0x00000000      0x5b3 C:\Users\simon\Documents\MCUXpressoIDE_11.0.1_2563\workspace\lpc_chip_175x_6x\Debug\liblpc_chip_175x_6x.a(clock_17xx_40xx.o)
 .debug_macro   0x00000000       0x22 C:\Users\simon\Documents\MCUXpressoIDE_11.0.1_2563\workspace\lpc_chip_175x_6x\Debug\liblpc_chip_175x_6x.a(clock_17xx_40xx.o)
 .debug_macro   0x00000000       0x7b C:\Users\simon\Documents\MCUXpressoIDE_11.0.1_2563\workspace\lpc_chip_175x_6x\Debug\liblpc_chip_175x_6x.a(clock_17xx_40xx.o)
 .debug_macro   0x00000000       0x10 C:\Users\simon\Documents\MCUXpressoIDE_11.0.1_2563\workspace\lpc_chip_175x_6x\Debug\liblpc_chip_175x_6x.a(clock_17xx_40xx.o)
 .debug_macro   0x00000000       0x2d C:\Users\simon\Documents\MCUXpressoIDE_11.0.1_2563\workspace\lpc_chip_175x_6x\Debug\liblpc_chip_175x_6x.a(clock_17xx_40xx.o)
 .debug_macro   0x00000000       0x3a C:\Users\simon\Documents\MCUXpressoIDE_11.0.1_2563\workspace\lpc_chip_175x_6x\Debug\liblpc_chip_175x_6x.a(clock_17xx_40xx.o)
 .debug_macro   0x00000000       0x2d C:\Users\simon\Documents\MCUXpressoIDE_11.0.1_2563\workspace\lpc_chip_175x_6x\Debug\liblpc_chip_175x_6x.a(clock_17xx_40xx.o)
 .debug_macro   0x00000000      0xbb1 C:\Users\simon\Documents\MCUXpressoIDE_11.0.1_2563\workspace\lpc_chip_175x_6x\Debug\liblpc_chip_175x_6x.a(clock_17xx_40xx.o)
 .debug_macro   0x00000000      0x22c C:\Users\simon\Documents\MCUXpressoIDE_11.0.1_2563\workspace\lpc_chip_175x_6x\Debug\liblpc_chip_175x_6x.a(clock_17xx_40xx.o)
 .debug_macro   0x00000000       0x42 C:\Users\simon\Documents\MCUXpressoIDE_11.0.1_2563\workspace\lpc_chip_175x_6x\Debug\liblpc_chip_175x_6x.a(clock_17xx_40xx.o)
 .debug_macro   0x00000000       0x52 C:\Users\simon\Documents\MCUXpressoIDE_11.0.1_2563\workspace\lpc_chip_175x_6x\Debug\liblpc_chip_175x_6x.a(clock_17xx_40xx.o)
 .debug_macro   0x00000000       0x78 C:\Users\simon\Documents\MCUXpressoIDE_11.0.1_2563\workspace\lpc_chip_175x_6x\Debug\liblpc_chip_175x_6x.a(clock_17xx_40xx.o)
 .debug_macro   0x00000000       0x82 C:\Users\simon\Documents\MCUXpressoIDE_11.0.1_2563\workspace\lpc_chip_175x_6x\Debug\liblpc_chip_175x_6x.a(clock_17xx_40xx.o)
 .debug_macro   0x00000000      0x48c C:\Users\simon\Documents\MCUXpressoIDE_11.0.1_2563\workspace\lpc_chip_175x_6x\Debug\liblpc_chip_175x_6x.a(clock_17xx_40xx.o)
 .debug_macro   0x00000000       0x34 C:\Users\simon\Documents\MCUXpressoIDE_11.0.1_2563\workspace\lpc_chip_175x_6x\Debug\liblpc_chip_175x_6x.a(clock_17xx_40xx.o)
 .debug_macro   0x00000000      0x4c5 C:\Users\simon\Documents\MCUXpressoIDE_11.0.1_2563\workspace\lpc_chip_175x_6x\Debug\liblpc_chip_175x_6x.a(clock_17xx_40xx.o)
 .debug_macro   0x00000000      0x1b7 C:\Users\simon\Documents\MCUXpressoIDE_11.0.1_2563\workspace\lpc_chip_175x_6x\Debug\liblpc_chip_175x_6x.a(clock_17xx_40xx.o)
 .debug_macro   0x00000000       0x10 C:\Users\simon\Documents\MCUXpressoIDE_11.0.1_2563\workspace\lpc_chip_175x_6x\Debug\liblpc_chip_175x_6x.a(clock_17xx_40xx.o)
 .debug_macro   0x00000000      0x21b C:\Users\simon\Documents\MCUXpressoIDE_11.0.1_2563\workspace\lpc_chip_175x_6x\Debug\liblpc_chip_175x_6x.a(clock_17xx_40xx.o)
 .debug_macro   0x00000000      0x1b9 C:\Users\simon\Documents\MCUXpressoIDE_11.0.1_2563\workspace\lpc_chip_175x_6x\Debug\liblpc_chip_175x_6x.a(clock_17xx_40xx.o)
 .debug_macro   0x00000000       0x40 C:\Users\simon\Documents\MCUXpressoIDE_11.0.1_2563\workspace\lpc_chip_175x_6x\Debug\liblpc_chip_175x_6x.a(clock_17xx_40xx.o)
 .debug_macro   0x00000000       0x22 C:\Users\simon\Documents\MCUXpressoIDE_11.0.1_2563\workspace\lpc_chip_175x_6x\Debug\liblpc_chip_175x_6x.a(clock_17xx_40xx.o)
 .debug_macro   0x00000000      0x162 C:\Users\simon\Documents\MCUXpressoIDE_11.0.1_2563\workspace\lpc_chip_175x_6x\Debug\liblpc_chip_175x_6x.a(clock_17xx_40xx.o)
 .debug_macro   0x00000000       0x94 C:\Users\simon\Documents\MCUXpressoIDE_11.0.1_2563\workspace\lpc_chip_175x_6x\Debug\liblpc_chip_175x_6x.a(clock_17xx_40xx.o)
 .debug_macro   0x00000000       0xb8 C:\Users\simon\Documents\MCUXpressoIDE_11.0.1_2563\workspace\lpc_chip_175x_6x\Debug\liblpc_chip_175x_6x.a(clock_17xx_40xx.o)
 .debug_macro   0x00000000       0x4c C:\Users\simon\Documents\MCUXpressoIDE_11.0.1_2563\workspace\lpc_chip_175x_6x\Debug\liblpc_chip_175x_6x.a(clock_17xx_40xx.o)
 .debug_macro   0x00000000       0x16 C:\Users\simon\Documents\MCUXpressoIDE_11.0.1_2563\workspace\lpc_chip_175x_6x\Debug\liblpc_chip_175x_6x.a(clock_17xx_40xx.o)
 .debug_macro   0x00000000      0x328 C:\Users\simon\Documents\MCUXpressoIDE_11.0.1_2563\workspace\lpc_chip_175x_6x\Debug\liblpc_chip_175x_6x.a(clock_17xx_40xx.o)
 .debug_macro   0x00000000       0x49 C:\Users\simon\Documents\MCUXpressoIDE_11.0.1_2563\workspace\lpc_chip_175x_6x\Debug\liblpc_chip_175x_6x.a(clock_17xx_40xx.o)
 .debug_macro   0x00000000       0x16 C:\Users\simon\Documents\MCUXpressoIDE_11.0.1_2563\workspace\lpc_chip_175x_6x\Debug\liblpc_chip_175x_6x.a(clock_17xx_40xx.o)
 .debug_macro   0x00000000       0xca C:\Users\simon\Documents\MCUXpressoIDE_11.0.1_2563\workspace\lpc_chip_175x_6x\Debug\liblpc_chip_175x_6x.a(clock_17xx_40xx.o)
 .debug_macro   0x00000000       0x18 C:\Users\simon\Documents\MCUXpressoIDE_11.0.1_2563\workspace\lpc_chip_175x_6x\Debug\liblpc_chip_175x_6x.a(clock_17xx_40xx.o)
 .text          0x00000000        0x0 c:/nxp/mcuxpressoide_11.0.1_2563/ide/plugins/com.nxp.mcuxpresso.tools.win32_11.0.1.201907311258/tools/bin/../lib/gcc/arm-none-eabi/8.2.1/../../../../arm-none-eabi/lib/thumb/v7-m/nofp\libcr_c.a(__weak__main.o)
 .data          0x00000000        0x0 c:/nxp/mcuxpressoide_11.0.1_2563/ide/plugins/com.nxp.mcuxpresso.tools.win32_11.0.1.201907311258/tools/bin/../lib/gcc/arm-none-eabi/8.2.1/../../../../arm-none-eabi/lib/thumb/v7-m/nofp\libcr_c.a(__weak__main.o)
 .bss           0x00000000        0x0 c:/nxp/mcuxpressoide_11.0.1_2563/ide/plugins/com.nxp.mcuxpresso.tools.win32_11.0.1.201907311258/tools/bin/../lib/gcc/arm-none-eabi/8.2.1/../../../../arm-none-eabi/lib/thumb/v7-m/nofp\libcr_c.a(__weak__main.o)

Memory Configuration

Name             Origin             Length             Attributes
MFlash512        0x00000000         0x00080000         xr
RamLoc32         0x10000000         0x00008000         xrw
RamAHB32         0x2007c000         0x00008000         xrw
*default*        0x00000000         0xffffffff

Linker script and memory map

LOAD ./src/cr_startup_lpc175x_6x.o
LOAD ./src/lcd.o
LOAD ./src/lpc1769.o
LOAD ./src/sysinit.o
LOAD C:\Users\simon\Documents\MCUXpressoIDE_11.0.1_2563\workspace\lpc_board_nxp_lpcxpresso_1769\Debug\liblpc_board_nxp_lpcxpresso_1769.a
LOAD C:\Users\simon\Documents\MCUXpressoIDE_11.0.1_2563\workspace\lpc_chip_175x_6x\Debug\liblpc_chip_175x_6x.a
START GROUP
LOAD c:/nxp/mcuxpressoide_11.0.1_2563/ide/plugins/com.nxp.mcuxpresso.tools.win32_11.0.1.201907311258/tools/bin/../lib/gcc/arm-none-eabi/8.2.1/../../../../arm-none-eabi/lib/thumb/v7-m/nofp\libcr_c.a
LOAD c:/nxp/mcuxpressoide_11.0.1_2563/ide/plugins/com.nxp.mcuxpresso.tools.win32_11.0.1.201907311258/tools/bin/../lib/gcc/arm-none-eabi/8.2.1/thumb/v7-m/nofp\libcr_eabihelpers.a
LOAD c:/nxp/mcuxpressoide_11.0.1_2563/ide/plugins/com.nxp.mcuxpresso.tools.win32_11.0.1.201907311258/tools/bin/../lib/gcc/arm-none-eabi/8.2.1/thumb/v7-m/nofp\libgcc.a
END GROUP
                0x00000000                __base_MFlash512 = 0x0
                0x00000000                __base_Flash = 0x0
                0x00080000                __top_MFlash512 = 0x80000
                0x00080000                __top_Flash = 0x80000
                0x10000000                __base_RamLoc32 = 0x10000000
                0x10000000                __base_RAM = 0x10000000
                0x10008000                __top_RamLoc32 = 0x10008000
                0x10008000                __top_RAM = 0x10008000
                0x2007c000                __base_RamAHB32 = 0x2007c000
                0x2007c000                __base_RAM2 = 0x2007c000
                0x20084000                __top_RamAHB32 = 0x20084000
                0x20084000                __top_RAM2 = 0x20084000

.text           0x00000000     0x1514
 FILL mask 0xff
                0x00000000                __vectors_start__ = ABSOLUTE (.)
 *(.isr_vector)
 .isr_vector    0x00000000       0xcc ./src/cr_startup_lpc175x_6x.o
                0x00000000                g_pfnVectors
                0x000000cc                . = ALIGN (0x4)
                0x000000cc                __section_table_start = .
                0x000000cc                __data_section_table = .
                0x000000cc        0x4 LONG 0x1514 LOADADDR (.data)
                0x000000d0        0x4 LONG 0x10000000 ADDR (.data)
                0x000000d4        0x4 LONG 0x4 SIZEOF (.data)
                0x000000d8        0x4 LONG 0x1514 LOADADDR (.data_RAM2)
                0x000000dc        0x4 LONG 0x2007c000 ADDR (.data_RAM2)
                0x000000e0        0x4 LONG 0x0 SIZEOF (.data_RAM2)
                0x000000e4                __data_section_table_end = .
                0x000000e4                __bss_section_table = .
                0x000000e4        0x4 LONG 0x10000004 ADDR (.bss)
                0x000000e8        0x4 LONG 0x28 SIZEOF (.bss)
                0x000000ec        0x4 LONG 0x2007c000 ADDR (.bss_RAM2)
                0x000000f0        0x4 LONG 0x0 SIZEOF (.bss_RAM2)
                0x000000f4                __bss_section_table_end = .
                0x000000f4                __section_table_end = .
 *(.after_vectors*)
 .after_vectors
                0x000000f4      0x12c ./src/cr_startup_lpc175x_6x.o
                0x000000f4                data_init
                0x00000136                bss_init
                0x0000016c                ResetISR
                0x000001e4                NMI_Handler
                0x000001ea                HardFault_Handler
                0x000001f0                MemManage_Handler
                0x000001f6                BusFault_Handler
                0x000001fc                UsageFault_Handler
                0x00000202                SVC_Handler
                0x00000208                DebugMon_Handler
                0x0000020e                PendSV_Handler
                0x0000021a                EINT3_IRQHandler
                0x0000021a                CANActivity_IRQHandler
                0x0000021a                TIMER3_IRQHandler
                0x0000021a                UART0_IRQHandler
                0x0000021a                EINT2_IRQHandler
                0x0000021a                I2C1_IRQHandler
                0x0000021a                IntDefaultHandler
                0x0000021a                PLL0_IRQHandler
                0x0000021a                CAN_IRQHandler
                0x0000021a                PLL1_IRQHandler
                0x0000021a                SSP0_IRQHandler
                0x0000021a                UART1_IRQHandler
                0x0000021a                I2C2_IRQHandler
                0x0000021a                RTC_IRQHandler
                0x0000021a                TIMER0_IRQHandler
                0x0000021a                SPI_IRQHandler
                0x0000021a                PWM1_IRQHandler
                0x0000021a                EINT1_IRQHandler
                0x0000021a                TIMER1_IRQHandler
                0x0000021a                UART2_IRQHandler
                0x0000021a                ADC_IRQHandler
                0x0000021a                SSP1_IRQHandler
                0x0000021a                USB_IRQHandler
                0x0000021a                BOD_IRQHandler
                0x0000021a                USBActivity_IRQHandler
                0x0000021a                WDT_IRQHandler
                0x0000021a                I2C0_IRQHandler
                0x0000021a                QEI_IRQHandler
                0x0000021a                EINT0_IRQHandler
                0x0000021a                ETH_IRQHandler
                0x0000021a                RIT_IRQHandler
                0x0000021a                DMA_IRQHandler
                0x0000021a                I2S_IRQHandler
                0x0000021a                UART3_IRQHandler
                0x0000021a                MCPWM_IRQHandler
 *(.text*)
 .text.initLCD  0x00000220       0x44 ./src/lcd.o
                0x00000220                initLCD
 .text.setDigit1
                0x00000264       0x2c ./src/lcd.o
                0x00000264                setDigit1
 .text.setDigit2
                0x00000290      0x248 ./src/lcd.o
                0x00000290                setDigit2
 .text.setDigit3
                0x000004d8      0x248 ./src/lcd.o
                0x000004d8                setDigit3
 .text.setDigit4
                0x00000720      0x248 ./src/lcd.o
                0x00000720                setDigit4
 .text.SysTick_Handler
                0x00000968      0x73c ./src/lpc1769.o
                0x00000968                SysTick_Handler
 .text.TIMER2_IRQHandler
                0x000010a4       0x64 ./src/lpc1769.o
                0x000010a4                TIMER2_IRQHandler
 .text.initTimer2Capture
                0x00001108       0x50 ./src/lpc1769.o
                0x00001108                initTimer2Capture
 .text.initTimer3Match
                0x00001158       0x88 ./src/lpc1769.o
                0x00001158                initTimer3Match
 .text.main     0x000011e0       0x2c ./src/lpc1769.o
                0x000011e0                main
 .text.SystemInit
                0x0000120c       0x24 ./src/sysinit.o
                0x0000120c                SystemInit
 .text.Chip_SYSCTL_SetFLASHAccess
                0x00001230       0x30 C:\Users\simon\Documents\MCUXpressoIDE_11.0.1_2563\workspace\lpc_board_nxp_lpcxpresso_1769\Debug\liblpc_board_nxp_lpcxpresso_1769.a(board_sysinit.o)
 .text.Board_SetupClocking
                0x00001260       0x12 C:\Users\simon\Documents\MCUXpressoIDE_11.0.1_2563\workspace\lpc_board_nxp_lpcxpresso_1769\Debug\liblpc_board_nxp_lpcxpresso_1769.a(board_sysinit.o)
                0x00001260                Board_SetupClocking
 *fill*         0x00001272        0x2 ff
 .text.Chip_Clock_IsMainPLLEnabled
                0x00001274       0x24 C:\Users\simon\Documents\MCUXpressoIDE_11.0.1_2563\workspace\lpc_chip_175x_6x\Debug\liblpc_chip_175x_6x.a(sysinit_17xx_40xx.o)
 .text.Chip_Clock_IsMainPLLLocked
                0x00001298       0x24 C:\Users\simon\Documents\MCUXpressoIDE_11.0.1_2563\workspace\lpc_chip_175x_6x\Debug\liblpc_chip_175x_6x.a(sysinit_17xx_40xx.o)
 .text.Chip_Clock_IsMainPLLConnected
                0x000012bc       0x24 C:\Users\simon\Documents\MCUXpressoIDE_11.0.1_2563\workspace\lpc_chip_175x_6x\Debug\liblpc_chip_175x_6x.a(sysinit_17xx_40xx.o)
 .text.Chip_Clock_EnableCrystal
                0x000012e0       0x20 C:\Users\simon\Documents\MCUXpressoIDE_11.0.1_2563\workspace\lpc_chip_175x_6x\Debug\liblpc_chip_175x_6x.a(sysinit_17xx_40xx.o)
 .text.Chip_Clock_IsCrystalEnabled
                0x00001300       0x24 C:\Users\simon\Documents\MCUXpressoIDE_11.0.1_2563\workspace\lpc_chip_175x_6x\Debug\liblpc_chip_175x_6x.a(sysinit_17xx_40xx.o)
 .text.Chip_Clock_SetMainPLLSource
                0x00001324       0x20 C:\Users\simon\Documents\MCUXpressoIDE_11.0.1_2563\workspace\lpc_chip_175x_6x\Debug\liblpc_chip_175x_6x.a(sysinit_17xx_40xx.o)
 .text.Chip_SetupXtalClocking
                0x00001344       0x90 C:\Users\simon\Documents\MCUXpressoIDE_11.0.1_2563\workspace\lpc_chip_175x_6x\Debug\liblpc_chip_175x_6x.a(sysinit_17xx_40xx.o)
                0x00001344                Chip_SetupXtalClocking
 .text.Chip_Clock_FeedPLL
                0x000013d4       0x34 C:\Users\simon\Documents\MCUXpressoIDE_11.0.1_2563\workspace\lpc_chip_175x_6x\Debug\liblpc_chip_175x_6x.a(clock_17xx_40xx.o)
 .text.Chip_Clock_EnablePLL
                0x00001408       0x44 C:\Users\simon\Documents\MCUXpressoIDE_11.0.1_2563\workspace\lpc_chip_175x_6x\Debug\liblpc_chip_175x_6x.a(clock_17xx_40xx.o)
                0x00001408                Chip_Clock_EnablePLL
 .text.Chip_Clock_DisablePLL
                0x0000144c       0x48 C:\Users\simon\Documents\MCUXpressoIDE_11.0.1_2563\workspace\lpc_chip_175x_6x\Debug\liblpc_chip_175x_6x.a(clock_17xx_40xx.o)
                0x0000144c                Chip_Clock_DisablePLL
 .text.Chip_Clock_SetupPLL
                0x00001494       0x5c C:\Users\simon\Documents\MCUXpressoIDE_11.0.1_2563\workspace\lpc_chip_175x_6x\Debug\liblpc_chip_175x_6x.a(clock_17xx_40xx.o)
                0x00001494                Chip_Clock_SetupPLL
 .text.Chip_Clock_SetCPUClockDiv
                0x000014f0       0x20 C:\Users\simon\Documents\MCUXpressoIDE_11.0.1_2563\workspace\lpc_chip_175x_6x\Debug\liblpc_chip_175x_6x.a(clock_17xx_40xx.o)
                0x000014f0                Chip_Clock_SetCPUClockDiv
 .text.__weak_main
                0x00001510        0x4 c:/nxp/mcuxpressoide_11.0.1_2563/ide/plugins/com.nxp.mcuxpresso.tools.win32_11.0.1.201907311258/tools/bin/../lib/gcc/arm-none-eabi/8.2.1/../../../../arm-none-eabi/lib/thumb/v7-m/nofp\libcr_c.a(__weak__main.o)
                0x00001510                __weak_main
                0x00001510                __main
 *(.rodata .rodata.* .constdata .constdata.*)
                0x00001514                . = ALIGN (0x4)

.glue_7         0x00001514        0x0
 .glue_7        0x00001514        0x0 linker stubs

.glue_7t        0x00001514        0x0
 .glue_7t       0x00001514        0x0 linker stubs

.vfp11_veneer   0x00001514        0x0
 .vfp11_veneer  0x00001514        0x0 linker stubs

.v4_bx          0x00001514        0x0
 .v4_bx         0x00001514        0x0 linker stubs

.iplt           0x00001514        0x0
 .iplt          0x00001514        0x0 ./src/cr_startup_lpc175x_6x.o

.rel.dyn        0x00001514        0x0
 .rel.iplt      0x00001514        0x0 ./src/cr_startup_lpc175x_6x.o

.ARM.extab
 *(.ARM.extab* .gnu.linkonce.armextab.*)
                0x00001514                __exidx_start = .

.ARM.exidx
 *(.ARM.exidx* .gnu.linkonce.armexidx.*)
                0x00001514                __exidx_end = .
                0x00001514                _etext = .

.data_RAM2      0x2007c000        0x0 load address 0x00001514
 FILL mask 0xff
                [!provide]                PROVIDE (__start_data_RAM2 = .)
 *(.ramfunc.$RAM2)
 *(.ramfunc.$RamAHB32)
 *(.data.$RAM2)
 *(.data.$RamAHB32)
 *(.data.$RAM2.*)
 *(.data.$RamAHB32.*)
                0x2007c000                . = ALIGN (0x4)
                [!provide]                PROVIDE (__end_data_RAM2 = .)

.uninit_RESERVED
                0x10000000        0x0
                0x10000000                . = ALIGN (0x4)
 *(.bss.$RESERVED*)
                0x10000000                . = ALIGN (0x4)
                0x10000000                _end_uninit_RESERVED = .

.data           0x10000000        0x4 load address 0x00001514
 FILL mask 0xff
                0x10000000                _data = .
 *(vtable)
 *(.ramfunc*)
 *(CodeQuickAccess)
 *(DataQuickAccess)
 *(RamFunction)
 *(.data*)
 .data.updateCnt.3717
                0x10000000        0x4 ./src/lpc1769.o
                0x10000004                . = ALIGN (0x4)
                0x10000004                _edata = .

.igot.plt       0x10000004        0x0 load address 0x00001518
 .igot.plt      0x10000004        0x0 ./src/cr_startup_lpc175x_6x.o

.bss_RAM2       0x2007c000        0x0
                0x2007c000                . = ALIGN (0x4)
                [!provide]                PROVIDE (__start_bss_RAM2 = .)
 *(.bss.$RAM2)
 *(.bss.$RamAHB32)
 *(.bss.$RAM2.*)
 *(.bss.$RamAHB32.*)
                0x2007c000                . = ALIGN ((. != 0x0)?0x4:0x1)
                [!provide]                PROVIDE (__end_bss_RAM2 = .)

.bss            0x10000004       0x28
                0x10000004                . = ALIGN (0x4)
                0x10000004                _bss = .
 *(.bss*)
 .bss.lcd_BP    0x10000004        0x1 ./src/lpc1769.o
                0x10000004                lcd_BP
 *fill*         0x10000005        0x3 
 .bss.TimerVal  0x10000008        0x4 ./src/lpc1769.o
                0x10000008                TimerVal
 *(COMMON)
 COMMON         0x1000000c       0x1d ./src/lpc1769.o
                0x1000000c                lcd_3B
                0x1000000d                lcd_2B
                0x1000000e                lcd_4G
                0x1000000f                lcd_1BC
                0x10000010                lcd_TX
                0x10000011                lcd_DP3
                0x10000012                lcd_4D
                0x10000013                lcd_3G
                0x10000014                lcd_2G
                0x10000015                lcd_3E
                0x10000016                lcd_4A
                0x10000017                lcd_3A
                0x10000018                lcd_3D
                0x10000019                lcd_DP1
                0x1000001a                lcd_LOBAT
                0x1000001b                lcd_2D
                0x1000001c                lcd_4C
                0x1000001d                lcd_2C
                0x1000001e                lcd_3F
                0x1000001f                lcd_2F
                0x10000020                lcd_4F
                0x10000021                lcd_2A
                0x10000022                lcd_3C
                0x10000023                lcd_TY
                0x10000024                lcd_4E
                0x10000025                lcd_COL
                0x10000026                lcd_DP2
                0x10000027                lcd_2E
                0x10000028                lcd_4B
                0x1000002c                . = ALIGN (0x4)
 *fill*         0x10000029        0x3 
                0x1000002c                _ebss = .
                [!provide]                PROVIDE (end = .)

.noinit_RAM2    0x2007c000        0x0
                0x2007c000                . = ALIGN (0x4)
 *(.noinit.$RAM2)
 *(.noinit.$RamAHB32)
 *(.noinit.$RAM2.*)
 *(.noinit.$RamAHB32.*)
                0x2007c000                . = ALIGN (0x4)

.noinit         0x1000002c        0x0
                0x1000002c                . = ALIGN (0x4)
                0x1000002c                _noinit = .
 *(.noinit*)
                0x1000002c                . = ALIGN (0x4)
                0x1000002c                _end_noinit = .
                [!provide]                PROVIDE (_pvHeapStart = DEFINED (__user_heap_base)?__user_heap_base:.)
                0x10008000                PROVIDE (_vStackTop = DEFINED (__user_stack_top)?__user_stack_top:(__top_RamLoc32 - 0x0))
                [!provide]                PROVIDE (__valid_user_code_checksum = (0x0 - ((((((_vStackTop + (ResetISR + 0x1)) + (NMI_Handler + 0x1)) + (HardFault_Handler + 0x1)) + (DEFINED (MemManage_Handler)?MemManage_Handler:0x0 + 0x1)) + (DEFINED (BusFault_Handler)?BusFault_Handler:0x0 + 0x1)) + (DEFINED (UsageFault_Handler)?UsageFault_Handler:0x0 + 0x1))))
                0x00000000                _image_start = LOADADDR (.text)
                0x00001518                _image_end = (LOADADDR (.data) + SIZEOF (.data))
                0x00001518                _image_size = (_image_end - _image_start)
OUTPUT(lpc1769_HC-SR04.axf elf32-littlearm)

.debug_info     0x00000000     0x22d1
 .debug_info    0x00000000      0x26d ./src/cr_startup_lpc175x_6x.o
 .debug_info    0x0000026d      0x330 ./src/lcd.o
 .debug_info    0x0000059d      0x2ed ./src/lpc1769.o
 .debug_info    0x0000088a      0x250 ./src/sysinit.o
 .debug_info    0x00000ada      0x71d C:\Users\simon\Documents\MCUXpressoIDE_11.0.1_2563\workspace\lpc_board_nxp_lpcxpresso_1769\Debug\liblpc_board_nxp_lpcxpresso_1769.a(board_sysinit.o)
 .debug_info    0x000011f7      0x4b0 C:\Users\simon\Documents\MCUXpressoIDE_11.0.1_2563\workspace\lpc_chip_175x_6x\Debug\liblpc_chip_175x_6x.a(sysinit_17xx_40xx.o)
 .debug_info    0x000016a7      0xc2a C:\Users\simon\Documents\MCUXpressoIDE_11.0.1_2563\workspace\lpc_chip_175x_6x\Debug\liblpc_chip_175x_6x.a(clock_17xx_40xx.o)

.debug_abbrev   0x00000000      0x9f6
 .debug_abbrev  0x00000000      0x106 ./src/cr_startup_lpc175x_6x.o
 .debug_abbrev  0x00000106       0xb4 ./src/lcd.o
 .debug_abbrev  0x000001ba       0xb2 ./src/lpc1769.o
 .debug_abbrev  0x0000026c       0xeb ./src/sysinit.o
 .debug_abbrev  0x00000357      0x1a2 C:\Users\simon\Documents\MCUXpressoIDE_11.0.1_2563\workspace\lpc_board_nxp_lpcxpresso_1769\Debug\liblpc_board_nxp_lpcxpresso_1769.a(board_sysinit.o)
 .debug_abbrev  0x000004f9      0x1b0 C:\Users\simon\Documents\MCUXpressoIDE_11.0.1_2563\workspace\lpc_chip_175x_6x\Debug\liblpc_chip_175x_6x.a(sysinit_17xx_40xx.o)
 .debug_abbrev  0x000006a9      0x34d C:\Users\simon\Documents\MCUXpressoIDE_11.0.1_2563\workspace\lpc_chip_175x_6x\Debug\liblpc_chip_175x_6x.a(clock_17xx_40xx.o)

.debug_aranges  0x00000000      0x308
 .debug_aranges
                0x00000000       0x80 ./src/cr_startup_lpc175x_6x.o
 .debug_aranges
                0x00000080       0x70 ./src/lcd.o
 .debug_aranges
                0x000000f0       0x40 ./src/lpc1769.o
 .debug_aranges
                0x00000130       0x20 ./src/sysinit.o
 .debug_aranges
                0x00000150       0x38 C:\Users\simon\Documents\MCUXpressoIDE_11.0.1_2563\workspace\lpc_board_nxp_lpcxpresso_1769\Debug\liblpc_board_nxp_lpcxpresso_1769.a(board_sysinit.o)
 .debug_aranges
                0x00000188       0x60 C:\Users\simon\Documents\MCUXpressoIDE_11.0.1_2563\workspace\lpc_chip_175x_6x\Debug\liblpc_chip_175x_6x.a(sysinit_17xx_40xx.o)
 .debug_aranges
                0x000001e8      0x120 C:\Users\simon\Documents\MCUXpressoIDE_11.0.1_2563\workspace\lpc_chip_175x_6x\Debug\liblpc_chip_175x_6x.a(clock_17xx_40xx.o)

.debug_ranges   0x00000000      0x298
 .debug_ranges  0x00000000       0x70 ./src/cr_startup_lpc175x_6x.o
 .debug_ranges  0x00000070       0x60 ./src/lcd.o
 .debug_ranges  0x000000d0       0x30 ./src/lpc1769.o
 .debug_ranges  0x00000100       0x10 ./src/sysinit.o
 .debug_ranges  0x00000110       0x28 C:\Users\simon\Documents\MCUXpressoIDE_11.0.1_2563\workspace\lpc_board_nxp_lpcxpresso_1769\Debug\liblpc_board_nxp_lpcxpresso_1769.a(board_sysinit.o)
 .debug_ranges  0x00000138       0x50 C:\Users\simon\Documents\MCUXpressoIDE_11.0.1_2563\workspace\lpc_chip_175x_6x\Debug\liblpc_chip_175x_6x.a(sysinit_17xx_40xx.o)
 .debug_ranges  0x00000188      0x110 C:\Users\simon\Documents\MCUXpressoIDE_11.0.1_2563\workspace\lpc_chip_175x_6x\Debug\liblpc_chip_175x_6x.a(clock_17xx_40xx.o)

.debug_macro    0x00000000     0x4e1f
 .debug_macro   0x00000000       0x1d ./src/cr_startup_lpc175x_6x.o
 .debug_macro   0x0000001d      0xaa2 ./src/cr_startup_lpc175x_6x.o
 .debug_macro   0x00000abf       0x24 ./src/lcd.o
 .debug_macro   0x00000ae3       0xca ./src/lcd.o
 .debug_macro   0x00000bad       0x24 ./src/lpc1769.o
 .debug_macro   0x00000bd1      0x217 ./src/sysinit.o
 .debug_macro   0x00000de8       0x10 ./src/sysinit.o
 .debug_macro   0x00000df8      0x12e ./src/sysinit.o
 .debug_macro   0x00000f26      0x5b3 ./src/sysinit.o
 .debug_macro   0x000014d9       0x22 ./src/sysinit.o
 .debug_macro   0x000014fb       0x7b ./src/sysinit.o
 .debug_macro   0x00001576       0x10 ./src/sysinit.o
 .debug_macro   0x00001586       0x2d ./src/sysinit.o
 .debug_macro   0x000015b3       0x3a ./src/sysinit.o
 .debug_macro   0x000015ed       0x2d ./src/sysinit.o
 .debug_macro   0x0000161a      0xbb1 ./src/sysinit.o
 .debug_macro   0x000021cb      0x22c ./src/sysinit.o
 .debug_macro   0x000023f7       0x42 ./src/sysinit.o
 .debug_macro   0x00002439       0x52 ./src/sysinit.o
 .debug_macro   0x0000248b       0x78 ./src/sysinit.o
 .debug_macro   0x00002503       0x82 ./src/sysinit.o
 .debug_macro   0x00002585      0x48c ./src/sysinit.o
 .debug_macro   0x00002a11       0x34 ./src/sysinit.o
 .debug_macro   0x00002a45      0x4c5 ./src/sysinit.o
 .debug_macro   0x00002f0a      0x1b7 ./src/sysinit.o
 .debug_macro   0x000030c1       0x10 ./src/sysinit.o
 .debug_macro   0x000030d1      0x21b ./src/sysinit.o
 .debug_macro   0x000032ec      0x1b9 ./src/sysinit.o
 .debug_macro   0x000034a5       0x40 ./src/sysinit.o
 .debug_macro   0x000034e5       0x22 ./src/sysinit.o
 .debug_macro   0x00003507      0x162 ./src/sysinit.o
 .debug_macro   0x00003669       0x94 ./src/sysinit.o
 .debug_macro   0x000036fd       0xb8 ./src/sysinit.o
 .debug_macro   0x000037b5       0x4c ./src/sysinit.o
 .debug_macro   0x00003801       0x16 ./src/sysinit.o
 .debug_macro   0x00003817      0x328 ./src/sysinit.o
 .debug_macro   0x00003b3f       0x49 ./src/sysinit.o
 .debug_macro   0x00003b88       0x16 ./src/sysinit.o
 .debug_macro   0x00003b9e       0xca ./src/sysinit.o
 .debug_macro   0x00003c68       0x18 ./src/sysinit.o
 .debug_macro   0x00003c80       0x70 ./src/sysinit.o
 .debug_macro   0x00003cf0       0x9a ./src/sysinit.o
 .debug_macro   0x00003d8a       0x20 ./src/sysinit.o
 .debug_macro   0x00003daa       0x28 ./src/sysinit.o
 .debug_macro   0x00003dd2      0x217 C:\Users\simon\Documents\MCUXpressoIDE_11.0.1_2563\workspace\lpc_board_nxp_lpcxpresso_1769\Debug\liblpc_board_nxp_lpcxpresso_1769.a(board_sysinit.o)
 .debug_macro   0x00003fe9      0xa9c C:\Users\simon\Documents\MCUXpressoIDE_11.0.1_2563\workspace\lpc_board_nxp_lpcxpresso_1769\Debug\liblpc_board_nxp_lpcxpresso_1769.a(board_sysinit.o)
 .debug_macro   0x00004a85      0x1cd C:\Users\simon\Documents\MCUXpressoIDE_11.0.1_2563\workspace\lpc_chip_175x_6x\Debug\liblpc_chip_175x_6x.a(sysinit_17xx_40xx.o)
 .debug_macro   0x00004c52      0x1cd C:\Users\simon\Documents\MCUXpressoIDE_11.0.1_2563\workspace\lpc_chip_175x_6x\Debug\liblpc_chip_175x_6x.a(clock_17xx_40xx.o)

.debug_line     0x00000000     0x2859
 .debug_line    0x00000000      0x15e ./src/cr_startup_lpc175x_6x.o
 .debug_line    0x0000015e      0x33f ./src/lcd.o
 .debug_line    0x0000049d      0x9a9 ./src/lpc1769.o
 .debug_line    0x00000e46      0x51a ./src/sysinit.o
 .debug_line    0x00001360      0x577 C:\Users\simon\Documents\MCUXpressoIDE_11.0.1_2563\workspace\lpc_board_nxp_lpcxpresso_1769\Debug\liblpc_board_nxp_lpcxpresso_1769.a(board_sysinit.o)
 .debug_line    0x000018d7      0x5fa C:\Users\simon\Documents\MCUXpressoIDE_11.0.1_2563\workspace\lpc_chip_175x_6x\Debug\liblpc_chip_175x_6x.a(sysinit_17xx_40xx.o)
 .debug_line    0x00001ed1      0x988 C:\Users\simon\Documents\MCUXpressoIDE_11.0.1_2563\workspace\lpc_chip_175x_6x\Debug\liblpc_chip_175x_6x.a(clock_17xx_40xx.o)

.debug_str      0x00000000    0x12bd8
 .debug_str     0x00000000     0x2f8c ./src/cr_startup_lpc175x_6x.o
                               0x2f9f (size before relaxing)
 .debug_str     0x00002f8c      0x65d ./src/lcd.o
                               0x3418 (size before relaxing)
 .debug_str     0x000035e9       0x64 ./src/lpc1769.o
                               0x3434 (size before relaxing)
 .debug_str     0x0000364d     0xe4d0 ./src/sysinit.o
                              0x11381 (size before relaxing)
 .debug_str     0x00011b1d      0x47e C:\Users\simon\Documents\MCUXpressoIDE_11.0.1_2563\workspace\lpc_board_nxp_lpcxpresso_1769\Debug\liblpc_board_nxp_lpcxpresso_1769.a(board_sysinit.o)
                              0x11789 (size before relaxing)
 .debug_str     0x00011f9b      0x1de C:\Users\simon\Documents\MCUXpressoIDE_11.0.1_2563\workspace\lpc_chip_175x_6x\Debug\liblpc_chip_175x_6x.a(sysinit_17xx_40xx.o)
                              0x110bc (size before relaxing)
 .debug_str     0x00012179      0xa5f C:\Users\simon\Documents\MCUXpressoIDE_11.0.1_2563\workspace\lpc_chip_175x_6x\Debug\liblpc_chip_175x_6x.a(clock_17xx_40xx.o)
                              0x11a57 (size before relaxing)

.comment        0x00000000       0x75
 .comment       0x00000000       0x75 ./src/cr_startup_lpc175x_6x.o
                                 0x76 (size before relaxing)
 .comment       0x00000075       0x76 ./src/lcd.o
 .comment       0x00000075       0x76 ./src/lpc1769.o
 .comment       0x00000075       0x76 ./src/sysinit.o
 .comment       0x00000075       0x76 C:\Users\simon\Documents\MCUXpressoIDE_11.0.1_2563\workspace\lpc_board_nxp_lpcxpresso_1769\Debug\liblpc_board_nxp_lpcxpresso_1769.a(board_sysinit.o)
 .comment       0x00000075       0x76 C:\Users\simon\Documents\MCUXpressoIDE_11.0.1_2563\workspace\lpc_chip_175x_6x\Debug\liblpc_chip_175x_6x.a(sysinit_17xx_40xx.o)
 .comment       0x00000075       0x76 C:\Users\simon\Documents\MCUXpressoIDE_11.0.1_2563\workspace\lpc_chip_175x_6x\Debug\liblpc_chip_175x_6x.a(clock_17xx_40xx.o)
 .comment       0x00000075       0x76 c:/nxp/mcuxpressoide_11.0.1_2563/ide/plugins/com.nxp.mcuxpresso.tools.win32_11.0.1.201907311258/tools/bin/../lib/gcc/arm-none-eabi/8.2.1/../../../../arm-none-eabi/lib/thumb/v7-m/nofp\libcr_c.a(__weak__main.o)

.ARM.attributes
                0x00000000       0x2d
 .ARM.attributes
                0x00000000       0x2d ./src/cr_startup_lpc175x_6x.o
 .ARM.attributes
                0x0000002d       0x2d ./src/lcd.o
 .ARM.attributes
                0x0000005a       0x2d ./src/lpc1769.o
 .ARM.attributes
                0x00000087       0x2d ./src/sysinit.o
 .ARM.attributes
                0x000000b4       0x2d C:\Users\simon\Documents\MCUXpressoIDE_11.0.1_2563\workspace\lpc_board_nxp_lpcxpresso_1769\Debug\liblpc_board_nxp_lpcxpresso_1769.a(board_sysinit.o)
 .ARM.attributes
                0x000000e1       0x2d C:\Users\simon\Documents\MCUXpressoIDE_11.0.1_2563\workspace\lpc_chip_175x_6x\Debug\liblpc_chip_175x_6x.a(sysinit_17xx_40xx.o)
 .ARM.attributes
                0x0000010e       0x2d C:\Users\simon\Documents\MCUXpressoIDE_11.0.1_2563\workspace\lpc_chip_175x_6x\Debug\liblpc_chip_175x_6x.a(clock_17xx_40xx.o)
 .ARM.attributes
                0x0000013b       0x2d c:/nxp/mcuxpressoide_11.0.1_2563/ide/plugins/com.nxp.mcuxpresso.tools.win32_11.0.1.201907311258/tools/bin/../lib/gcc/arm-none-eabi/8.2.1/../../../../arm-none-eabi/lib/thumb/v7-m/nofp\libcr_c.a(__weak__main.o)

.debug_frame    0x00000000      0xa60
 .debug_frame   0x00000000      0x170 ./src/cr_startup_lpc175x_6x.o
 .debug_frame   0x00000170      0x1c0 ./src/lcd.o
 .debug_frame   0x00000330       0xb4 ./src/lpc1769.o
 .debug_frame   0x000003e4       0x34 ./src/sysinit.o
 .debug_frame   0x00000418       0x8c C:\Users\simon\Documents\MCUXpressoIDE_11.0.1_2563\workspace\lpc_board_nxp_lpcxpresso_1769\Debug\liblpc_board_nxp_lpcxpresso_1769.a(board_sysinit.o)
 .debug_frame   0x000004a4      0x12c C:\Users\simon\Documents\MCUXpressoIDE_11.0.1_2563\workspace\lpc_chip_175x_6x\Debug\liblpc_chip_175x_6x.a(sysinit_17xx_40xx.o)
 .debug_frame   0x000005d0      0x490 C:\Users\simon\Documents\MCUXpressoIDE_11.0.1_2563\workspace\lpc_chip_175x_6x\Debug\liblpc_chip_175x_6x.a(clock_17xx_40xx.o)
