HD44780.c:30:15:WriteByte_i2c	24	static
HD44780.c:100:15:InitLCD_i2c	16	static
HD44780.c:151:15:WriteChar_i2c	16	static
HD44780.c:157:15:PutCommand_i2c	16	static
HD44780.c:163:15:GoToLine_i2c	24	static
HD44780.c:189:6:WriteString_i2c	24	static
HD44780.c:204:6:WriteNumber_i2c	56	dynamic
HD44780.c:239:6:lcd_pin	24	static
HD44780.c:260:6:InitLCD	8	static
HD44780.c:280:6:clear_line	48	static
HD44780.c:290:6:toggle	8	static
HD44780.c:297:6:send_high	16	static
HD44780.c:323:6:send_low	16	static
HD44780.c:349:6:lcd_cmd_hf	16	static
HD44780.c:358:6:PutCommand	16	static
HD44780.c:371:6:lcd_dwr	16	static
HD44780.c:386:6:WriteString	24	static
HD44780.c:402:6:WriteNumber	56	dynamic
HD44780.c:435:6:lcd_rig_sh	8	static
HD44780.c:441:6:lcd_lef_sh	8	static
HD44780.c:447:6:GoToLine	24	static
