HD44780.c:30:15:WriteByte_i2c	24	static
HD44780.c:100:15:InitLCD_i2c	16	static
HD44780.c:150:15:WriteChar_i2c	16	static
HD44780.c:156:15:PutCommand_i2c	16	static
HD44780.c:162:15:GoToLine_i2c	24	static
HD44780.c:190:6:WriteString_i2c	24	static
HD44780.c:205:6:WriteNumber_i2c	56	dynamic
HD44780.c:240:6:lcd_pin	24	static
HD44780.c:261:6:InitLCD	8	static
HD44780.c:281:6:clear_line	48	static
HD44780.c:291:6:toggle	8	static
HD44780.c:298:6:send_high	16	static
HD44780.c:324:6:send_low	16	static
HD44780.c:350:6:lcd_cmd_hf	16	static
HD44780.c:359:6:PutCommand	16	static
HD44780.c:372:6:lcd_dwr	16	static
HD44780.c:387:6:WriteString	24	static
HD44780.c:403:6:WriteNumber	56	dynamic
HD44780.c:436:6:lcd_rig_sh	8	static
HD44780.c:442:6:lcd_lef_sh	8	static
HD44780.c:448:6:GoToLine	24	static
