bmp280_temp_sensor.c:185:15:WriteByte_i2c	24	static
bmp280_temp_sensor.c:269:6:InitLCD_i2c	8	static
bmp280_temp_sensor.c:320:15:WriteChar_i2c	16	static
bmp280_temp_sensor.c:326:15:PutCommand_i2c	16	static
bmp280_temp_sensor.c:332:15:GoToLine_i2c	24	static
bmp280_temp_sensor.c:358:6:WriteString_i2c	24	static
bmp280_temp_sensor.c:373:6:WriteNumber_i2c	56	dynamic
bmp280_temp_sensor.c:406:5:main	120	static
bmp280_temp_sensor.c:600:6:delay_ms	16	static
bmp280_temp_sensor.c:630:8:i2c_reg_write	24	static
bmp280_temp_sensor.c:670:8:i2c_reg_read	24	static
bmp280_temp_sensor.c:714:6:print_rslt	16	static
