lpc1769_Sensore_di_luce_EPROM_Display.c:150:6:delayUs	16	static
lpc1769_Sensore_di_luce_EPROM_Display.c:168:6:delayMs	16	static
lpc1769_Sensore_di_luce_EPROM_Display.c:186:6:start_i2c	8	static
lpc1769_Sensore_di_luce_EPROM_Display.c:200:6:stop_i2c	8	static
lpc1769_Sensore_di_luce_EPROM_Display.c:223:6:ACK	4	static
lpc1769_Sensore_di_luce_EPROM_Display.c:233:6:RIT_IRQHandler	8	static
lpc1769_Sensore_di_luce_EPROM_Display.c:391:6:SEND_EEPROM	16	static
lpc1769_Sensore_di_luce_EPROM_Display.c:409:6:REC_EEPROM	16	static
lpc1769_Sensore_di_luce_EPROM_Display.c:439:15:WriteByte_i2c	24	static
lpc1769_Sensore_di_luce_EPROM_Display.c:523:6:InitLCD_i2c	8	static
lpc1769_Sensore_di_luce_EPROM_Display.c:574:15:WriteChar_i2c	16	static
lpc1769_Sensore_di_luce_EPROM_Display.c:580:15:PutCommand_i2c	16	static
lpc1769_Sensore_di_luce_EPROM_Display.c:586:15:GoToLine_i2c	24	static
lpc1769_Sensore_di_luce_EPROM_Display.c:612:6:WriteString_i2c	24	static
lpc1769_Sensore_di_luce_EPROM_Display.c:627:6:WriteNumber_i2c	56	dynamic
lpc1769_Sensore_di_luce_EPROM_Display.c:658:6:WriteStringShiftLeft	16	static
lpc1769_Sensore_di_luce_EPROM_Display.c:675:6:ADC_IRQHandler	4	static
lpc1769_Sensore_di_luce_EPROM_Display.c:682:6:SwitchGiorni	16	static
lpc1769_Sensore_di_luce_EPROM_Display.c:721:6:SwitchMesi	16	static
lpc1769_Sensore_di_luce_EPROM_Display.c:785:6:Menu01	8	static
lpc1769_Sensore_di_luce_EPROM_Display.c:813:6:Menu1	8	static
lpc1769_Sensore_di_luce_EPROM_Display.c:1310:6:Menu02	8	static
lpc1769_Sensore_di_luce_EPROM_Display.c:1340:6:Menu2	16	static
lpc1769_Sensore_di_luce_EPROM_Display.c:1419:5:main	8	static
