00:40:19 **** Incremental Build of configuration Debug for project lpc1769_Braccio_6_assi ****
make -r -j4 all 
Building file: ../src/lpc1769_Braccio_6_assi.c
Invoking: MCU C Compiler
arm-none-eabi-gcc -DDEBUG -D__CODE_RED -DCORE_M3 -D__USE_LPCOPEN -DNO_BOARD_LIB -D__LPC17XX__ -D__REDLIB__ -I"C:\Users\simon\Documents\MCUXpressoIDE_11.0.1_2563\workspace\lpc_chip_175x_6x\inc" -O0 -fno-common -g3 -Wall -c -fmessage-length=0 -fno-builtin -ffunction-sections -fdata-sections -mcpu=cortex-m3 -mthumb -fstack-usage -specs=redlib.specs -MMD -MP -MF"src/lpc1769_Braccio_6_assi.d" -MT"src/lpc1769_Braccio_6_assi.o" -MT"src/lpc1769_Braccio_6_assi.d" -o "src/lpc1769_Braccio_6_assi.o" "../src/lpc1769_Braccio_6_assi.c"
Finished building: ../src/lpc1769_Braccio_6_assi.c
 
Building target: lpc1769_Braccio_6_assi.axf
Invoking: MCU Linker
arm-none-eabi-gcc -nostdlib -L"C:\Users\simon\Documents\MCUXpressoIDE_11.0.1_2563\workspace\lpc_chip_175x_6x\Debug" -Xlinker -Map="lpc1769_Braccio_6_assi.map" -Xlinker --cref -Xlinker --gc-sections -Xlinker -print-memory-usage -mcpu=cortex-m3 -mthumb -T "lpc1769_Braccio_6_assi_Debug.ld" -o "lpc1769_Braccio_6_assi.axf"  ./src/cr_startup_lpc175x_6x.o ./src/crp.o ./src/lpc1769_Braccio_6_assi.o ./src/sysinit.o   -llpc_chip_175x_6x
Memory region         Used Size  Region Size  %age Used
       MFlash512:        1800 B       512 KB      0.34%
        RamLoc32:          24 B        32 KB      0.07%
        RamAHB32:          0 GB        32 KB      0.00%
Finished building target: lpc1769_Braccio_6_assi.axf
 
make --no-print-directory post-build
Performing post-build steps
arm-none-eabi-size "lpc1769_Braccio_6_assi.axf"; # arm-none-eabi-objcopy -v -O binary "lpc1769_Braccio_6_assi.axf" "lpc1769_Braccio_6_assi.bin" ; # checksum -p LPC1769 -d "lpc1769_Braccio_6_assi.bin";
   text	   data	    bss	    dec	    hex	filename
   1800	      0	     24	   1824	    720	lpc1769_Braccio_6_assi.axf
 

00:40:20 Build Finished. 0 errors, 0 warnings. (took 554ms)

