20:45:48 **** Incremental Build of configuration Debug for project lpc1769_LEDs ****
make -r -j4 all 
Building file: ../src/cr_startup_lpc175x_6x.c
Building file: ../src/lpc1769.c
Building file: ../src/sysinit.c
Invoking: MCU C Compiler
Invoking: MCU C Compiler
Invoking: MCU C Compiler
arm-none-eabi-gcc -DDEBUG -D__CODE_RED -DCORE_M3 -D__USE_LPCOPEN -D__LPC17XX__ -D__REDLIB__ -I"C:\Users\simon\Documents\MCUXpressoIDE_11.0.1_2563\workspace\lpc_board_nxp_lpcxpresso_1769\inc" -I"C:\Users\simon\Documents\MCUXpressoIDE_11.0.1_2563\workspace\lpc_chip_175x_6x\inc" -O0 -g3 -Wall -c -fmessage-length=0 -fno-builtin -ffunction-sections -fdata-sections -mcpu=cortex-m3 -mthumb -fstack-usage -specs=redlib.specs -MMD -MP -MF"src/cr_startup_lpc175x_6x.d" -MT"src/cr_startup_lpc175x_6x.o" -MT"src/cr_startup_lpc175x_6x.d" -o "src/cr_startup_lpc175x_6x.o" "../src/cr_startup_lpc175x_6x.c"
arm-none-eabi-gcc -DDEBUG -D__CODE_RED -DCORE_M3 -D__USE_LPCOPEN -D__LPC17XX__ -D__REDLIB__ -I"C:\Users\simon\Documents\MCUXpressoIDE_11.0.1_2563\workspace\lpc_board_nxp_lpcxpresso_1769\inc" -I"C:\Users\simon\Documents\MCUXpressoIDE_11.0.1_2563\workspace\lpc_chip_175x_6x\inc" -O0 -g3 -Wall -c -fmessage-length=0 -fno-builtin -ffunction-sections -fdata-sections -mcpu=cortex-m3 -mthumb -fstack-usage -specs=redlib.specs -MMD -MP -MF"src/lpc1769.d" -MT"src/lpc1769.o" -MT"src/lpc1769.d" -o "src/lpc1769.o" "../src/lpc1769.c"
arm-none-eabi-gcc -DDEBUG -D__CODE_RED -DCORE_M3 -D__USE_LPCOPEN -D__LPC17XX__ -D__REDLIB__ -I"C:\Users\simon\Documents\MCUXpressoIDE_11.0.1_2563\workspace\lpc_board_nxp_lpcxpresso_1769\inc" -I"C:\Users\simon\Documents\MCUXpressoIDE_11.0.1_2563\workspace\lpc_chip_175x_6x\inc" -O0 -g3 -Wall -c -fmessage-length=0 -fno-builtin -ffunction-sections -fdata-sections -mcpu=cortex-m3 -mthumb -fstack-usage -specs=redlib.specs -MMD -MP -MF"src/sysinit.d" -MT"src/sysinit.o" -MT"src/sysinit.d" -o "src/sysinit.o" "../src/sysinit.c"
Finished building: ../src/cr_startup_lpc175x_6x.c
 
Finished building: ../src/sysinit.c
Finished building: ../src/lpc1769.c
 
 
Building target: lpc1769_LEDs.axf
Invoking: MCU Linker
arm-none-eabi-gcc -nostdlib -L"C:\Users\simon\Documents\MCUXpressoIDE_11.0.1_2563\workspace\lpc_board_nxp_lpcxpresso_1769\Debug" -L"C:\Users\simon\Documents\MCUXpressoIDE_11.0.1_2563\workspace\lpc_chip_175x_6x\Debug" -Xlinker -Map="lpc1769_LEDs.map" -Xlinker --gc-sections -mcpu=cortex-m3 -mthumb -T "lpc1769_LEDs_Debug.ld" -o "lpc1769_LEDs.axf"  ./src/cr_startup_lpc175x_6x.o ./src/lpc1769.o ./src/sysinit.o   -llpc_board_nxp_lpcxpresso_1769 -llpc_chip_175x_6x
Finished building target: lpc1769_LEDs.axf
 
make --no-print-directory post-build
Performing post-build steps
arm-none-eabi-size "lpc1769_LEDs.axf"; # arm-none-eabi-objcopy -v -O binary "lpc1769_LEDs.axf" "lpc1769_LEDs.bin" ; # checksum -p LPC1769 -d "lpc1769_LEDs.bin";
   text	   data	    bss	    dec	    hex	filename
   1676	      0	      8	   1684	    694	lpc1769_LEDs.axf
 

20:45:49 Build Finished. 0 errors, 0 warnings. (took 647ms)

