00:51:14 **** Incremental Build of configuration Debug for project lpc1769_G_Nocera_PWM ****
make -r -j4 all 
Building file: ../src/main.c
Invoking: MCU C Compiler
arm-none-eabi-gcc -DDEBUG -D__CODE_RED -DCORE_M3 -D__USE_LPCOPEN -DNO_BOARD_LIB -D__LPC17XX__ -D__REDLIB__ -I"C:\Users\simon\Documents\MCUXpressoIDE_11.0.1_2563\workspace\lpc_chip_175x_6x\inc" -O0 -fno-common -g3 -Wall -c -fmessage-length=0 -fno-builtin -ffunction-sections -fdata-sections -mcpu=cortex-m3 -mthumb -fstack-usage -specs=redlib.specs -MMD -MP -MF"src/main.d" -MT"src/main.o" -MT"src/main.d" -o "src/main.o" "../src/main.c"
Finished building: ../src/main.c
 
Building target: lpc1769_G_Nocera_PWM.axf
Invoking: MCU Linker
arm-none-eabi-gcc -nostdlib -L"C:\Users\simon\Documents\MCUXpressoIDE_11.0.1_2563\workspace\lpc_chip_175x_6x\Debug" -Xlinker -Map="lpc1769_G_Nocera_PWM.map" -Xlinker --cref -Xlinker --gc-sections -Xlinker -print-memory-usage -mcpu=cortex-m3 -mthumb -T "lpc1769_G_Nocera_PWM_Debug.ld" -o "lpc1769_G_Nocera_PWM.axf"  ./src/cr_startup_lpc175x_6x.o ./src/crp.o ./src/main.o ./src/sysinit.o   -llpc_chip_175x_6x
Memory region         Used Size  Region Size  %age Used
       MFlash512:        1732 B       512 KB      0.33%
        RamLoc32:           8 B        32 KB      0.02%
        RamAHB32:          0 GB        32 KB      0.00%
Finished building target: lpc1769_G_Nocera_PWM.axf
 
make --no-print-directory post-build
Performing post-build steps
arm-none-eabi-size "lpc1769_G_Nocera_PWM.axf"; # arm-none-eabi-objcopy -v -O binary "lpc1769_G_Nocera_PWM.axf" "lpc1769_G_Nocera_PWM.bin" ; # checksum -p LPC1769 -d "lpc1769_G_Nocera_PWM.bin";
   text	   data	    bss	    dec	    hex	filename
   1732	      0	      8	   1740	    6cc	lpc1769_G_Nocera_PWM.axf
 

00:51:14 Build Finished. 0 errors, 0 warnings. (took 552ms)

