12:31:52 **** Incremental Build of configuration Debug for project lpc1769_I2C ****
make -r -j4 all 
Building target: lpc1769_I2C.axf
Invoking: MCU Linker
arm-none-eabi-gcc -nostdlib -L"C:\Users\simon\Documents\MCUXpressoIDE_11.0.1_2563\workspace\lpc_board_nxp_lpcxpresso_1769\Debug" -L"C:\Users\simon\Documents\MCUXpressoIDE_11.0.1_2563\workspace\lpc_chip_175x_6x\Debug" -Xlinker -Map="lpc1769_I2C.map" -Xlinker --gc-sections -mcpu=cortex-m3 -mthumb -T "lpc1769_Debug.ld" -o "lpc1769_I2C.axf"  ./src/cr_startup_lpc175x_6x.o ./src/i2c.o ./src/lpc1769.o ./src/sysinit.o   -llpc_board_nxp_lpcxpresso_1769 -llpc_chip_175x_6x
Finished building target: lpc1769_I2C.axf
 
make --no-print-directory post-build
Performing post-build steps
arm-none-eabi-size "lpc1769_I2C.axf"; # arm-none-eabi-objcopy -v -O binary "lpc1769_I2C.axf" "lpc1769_I2C.bin" ; # checksum -p LPC1769 -d "lpc1769_I2C.bin";
   text	   data	    bss	    dec	    hex	filename
   1988	      0	     80	   2068	    814	lpc1769_I2C.axf
 

12:31:53 Build Finished. 0 errors, 0 warnings. (took 447ms)

